D:/FINAL_PROJECT (1)/Core/Src/main.c:94:9:main	624	static
D:/FINAL_PROJECT (1)/Core/Src/main.c:311:10:SystemClock_Config	88	static
D:/FINAL_PROJECT (1)/Core/Src/main.c:355:17:MX_ADC1_Init	24	static
D:/FINAL_PROJECT (1)/Core/Src/main.c:402:17:MX_I2C1_Init	8	static
D:/FINAL_PROJECT (1)/Core/Src/main.c:436:17:MX_TIM2_Init	32	static
D:/FINAL_PROJECT (1)/Core/Src/main.c:481:17:MX_TIM3_Init	64	static
D:/FINAL_PROJECT (1)/Core/Src/main.c:552:17:MX_USART1_UART_Init	8	static
D:/FINAL_PROJECT (1)/Core/Src/main.c:585:17:MX_GPIO_Init	40	static
D:/FINAL_PROJECT (1)/Core/Src/main.c:619:10:HAL_GPIO_EXTI_Callback	72	static
D:/FINAL_PROJECT (1)/Core/Src/main.c:650:10:HAL_UART_RxCpltCallback	16	static
D:/FINAL_PROJECT (1)/Core/Src/main.c:679:10:HAL_UART_ErrorCallback	32	static
D:/FINAL_PROJECT (1)/Core/Src/main.c:694:10:Error_Handler	4	static
