D:/FINAL_PROJECT (1)/Core/Src/ssd1306.c:12:13:SW_I2C_Delay	16	static
D:/FINAL_PROJECT (1)/Core/Src/ssd1306.c:16:13:SW_I2C_Start	8	static
D:/FINAL_PROJECT (1)/Core/Src/ssd1306.c:26:13:SW_I2C_Stop	8	static
D:/FINAL_PROJECT (1)/Core/Src/ssd1306.c:35:13:SW_I2C_WriteByte	24	static
D:/FINAL_PROJECT (1)/Core/Src/ssd1306.c:53:6:SW_I2C_WriteReg	16	static
D:/FINAL_PROJECT (1)/Core/Src/ssd1306.c:61:6:SW_I2C_WriteBuffer	32	static
D:/FINAL_PROJECT (1)/Core/Src/ssd1306.c:71:6:ssd1306_Reset	24	static
D:/FINAL_PROJECT (1)/Core/Src/ssd1306.c:82:6:ssd1306_WriteCommand	16	static
D:/FINAL_PROJECT (1)/Core/Src/ssd1306.c:87:6:ssd1306_WriteData	16	static
D:/FINAL_PROJECT (1)/Core/Src/ssd1306.c:132:17:ssd1306_FillBuffer	24	static
D:/FINAL_PROJECT (1)/Core/Src/ssd1306.c:142:6:ssd1306_Init	8	static
D:/FINAL_PROJECT (1)/Core/Src/ssd1306.c:244:6:ssd1306_Fill	16	static
D:/FINAL_PROJECT (1)/Core/Src/ssd1306.c:249:6:ssd1306_UpdateScreen	16	static
D:/FINAL_PROJECT (1)/Core/Src/ssd1306.c:270:6:ssd1306_DrawPixel	16	static
D:/FINAL_PROJECT (1)/Core/Src/ssd1306.c:290:6:ssd1306_WriteChar	48	static
D:/FINAL_PROJECT (1)/Core/Src/ssd1306.c:327:6:ssd1306_WriteString	32	static
D:/FINAL_PROJECT (1)/Core/Src/ssd1306.c:341:6:ssd1306_SetCursor	16	static
D:/FINAL_PROJECT (1)/Core/Src/ssd1306.c:347:6:ssd1306_Line	48	static
D:/FINAL_PROJECT (1)/Core/Src/ssd1306.c:374:6:ssd1306_Polyline	40	static
D:/FINAL_PROJECT (1)/Core/Src/ssd1306.c:388:14:ssd1306_DegToRad	16	static
D:/FINAL_PROJECT (1)/Core/Src/ssd1306.c:393:17:ssd1306_NormalizeTo0_360	24	static
D:/FINAL_PROJECT (1)/Core/Src/ssd1306.c:409:6:ssd1306_DrawArc	56	static
D:/FINAL_PROJECT (1)/Core/Src/ssd1306.c:449:6:ssd1306_DrawArcWithRadiusLine	64	static
D:/FINAL_PROJECT (1)/Core/Src/ssd1306.c:492:6:ssd1306_DrawCircle	40	static
D:/FINAL_PROJECT (1)/Core/Src/ssd1306.c:527:6:ssd1306_FillCircle	48	static
D:/FINAL_PROJECT (1)/Core/Src/ssd1306.c:563:6:ssd1306_DrawRectangle	32	static
D:/FINAL_PROJECT (1)/Core/Src/ssd1306.c:573:6:ssd1306_FillRectangle	32	static
D:/FINAL_PROJECT (1)/Core/Src/ssd1306.c:587:17:ssd1306_InvertRectangle	32	static
D:/FINAL_PROJECT (1)/Core/Src/ssd1306.c:618:6:ssd1306_DrawBitmap	24	static
D:/FINAL_PROJECT (1)/Core/Src/ssd1306.c:642:6:ssd1306_SetContrast	24	static
D:/FINAL_PROJECT (1)/Core/Src/ssd1306.c:648:6:ssd1306_SetDisplayOn	24	static
D:/FINAL_PROJECT (1)/Core/Src/ssd1306.c:660:9:ssd1306_GetDisplayOn	4	static
