Archive member included to satisfy reference by file (symbol)

C:/Program Files (x86)/Arm GNU Toolchain arm-none-eabi/14.2 rel1/bin/../lib/gcc/arm-none-eabi/14.2.1/thumb/v7-m/nofp\libm.a(libm_a-wf_pow.o)
                              CMakeFiles/STM32.dir/Core/Src/main.c.obj (powf)
C:/Program Files (x86)/Arm GNU Toolchain arm-none-eabi/14.2 rel1/bin/../lib/gcc/arm-none-eabi/14.2.1/thumb/v7-m/nofp\libm.a(libm_a-sf_cos.o)
                              CMakeFiles/STM32.dir/Core/Src/ssd1306.c.obj (cosf)
C:/Program Files (x86)/Arm GNU Toolchain arm-none-eabi/14.2 rel1/bin/../lib/gcc/arm-none-eabi/14.2.1/thumb/v7-m/nofp\libm.a(libm_a-sf_sin.o)
                              CMakeFiles/STM32.dir/Core/Src/ssd1306.c.obj (sinf)
C:/Program Files (x86)/Arm GNU Toolchain arm-none-eabi/14.2 rel1/bin/../lib/gcc/arm-none-eabi/14.2.1/thumb/v7-m/nofp\libm.a(libm_a-sf_finite.o)
                              C:/Program Files (x86)/Arm GNU Toolchain arm-none-eabi/14.2 rel1/bin/../lib/gcc/arm-none-eabi/14.2.1/thumb/v7-m/nofp\libm.a(libm_a-wf_pow.o) (finitef)
C:/Program Files (x86)/Arm GNU Toolchain arm-none-eabi/14.2 rel1/bin/../lib/gcc/arm-none-eabi/14.2.1/thumb/v7-m/nofp\libm.a(libm_a-kf_cos.o)
                              C:/Program Files (x86)/Arm GNU Toolchain arm-none-eabi/14.2 rel1/bin/../lib/gcc/arm-none-eabi/14.2.1/thumb/v7-m/nofp\libm.a(libm_a-sf_cos.o) (__kernel_cosf)
C:/Program Files (x86)/Arm GNU Toolchain arm-none-eabi/14.2 rel1/bin/../lib/gcc/arm-none-eabi/14.2.1/thumb/v7-m/nofp\libm.a(libm_a-kf_sin.o)
                              C:/Program Files (x86)/Arm GNU Toolchain arm-none-eabi/14.2 rel1/bin/../lib/gcc/arm-none-eabi/14.2.1/thumb/v7-m/nofp\libm.a(libm_a-sf_cos.o) (__kernel_sinf)
C:/Program Files (x86)/Arm GNU Toolchain arm-none-eabi/14.2 rel1/bin/../lib/gcc/arm-none-eabi/14.2.1/thumb/v7-m/nofp\libm.a(libm_a-ef_pow.o)
                              C:/Program Files (x86)/Arm GNU Toolchain arm-none-eabi/14.2 rel1/bin/../lib/gcc/arm-none-eabi/14.2.1/thumb/v7-m/nofp\libm.a(libm_a-wf_pow.o) (__ieee754_powf)
C:/Program Files (x86)/Arm GNU Toolchain arm-none-eabi/14.2 rel1/bin/../lib/gcc/arm-none-eabi/14.2.1/thumb/v7-m/nofp\libm.a(libm_a-ef_rem_pio2.o)
                              C:/Program Files (x86)/Arm GNU Toolchain arm-none-eabi/14.2 rel1/bin/../lib/gcc/arm-none-eabi/14.2.1/thumb/v7-m/nofp\libm.a(libm_a-sf_cos.o) (__ieee754_rem_pio2f)
C:/Program Files (x86)/Arm GNU Toolchain arm-none-eabi/14.2 rel1/bin/../lib/gcc/arm-none-eabi/14.2.1/thumb/v7-m/nofp\libm.a(libm_a-sf_fabs.o)
                              C:/Program Files (x86)/Arm GNU Toolchain arm-none-eabi/14.2 rel1/bin/../lib/gcc/arm-none-eabi/14.2.1/thumb/v7-m/nofp\libm.a(libm_a-ef_pow.o) (fabsf)
C:/Program Files (x86)/Arm GNU Toolchain arm-none-eabi/14.2 rel1/bin/../lib/gcc/arm-none-eabi/14.2.1/thumb/v7-m/nofp\libm.a(libm_a-sf_scalbn.o)
                              C:/Program Files (x86)/Arm GNU Toolchain arm-none-eabi/14.2 rel1/bin/../lib/gcc/arm-none-eabi/14.2.1/thumb/v7-m/nofp\libm.a(libm_a-ef_pow.o) (scalbnf)
C:/Program Files (x86)/Arm GNU Toolchain arm-none-eabi/14.2 rel1/bin/../lib/gcc/arm-none-eabi/14.2.1/thumb/v7-m/nofp\libm.a(libm_a-math_errf.o)
                              C:/Program Files (x86)/Arm GNU Toolchain arm-none-eabi/14.2 rel1/bin/../lib/gcc/arm-none-eabi/14.2.1/thumb/v7-m/nofp\libm.a(libm_a-ef_pow.o) (__math_uflowf)
C:/Program Files (x86)/Arm GNU Toolchain arm-none-eabi/14.2 rel1/bin/../lib/gcc/arm-none-eabi/14.2.1/thumb/v7-m/nofp\libm.a(libm_a-ef_sqrt.o)
                              C:/Program Files (x86)/Arm GNU Toolchain arm-none-eabi/14.2 rel1/bin/../lib/gcc/arm-none-eabi/14.2.1/thumb/v7-m/nofp\libm.a(libm_a-ef_pow.o) (__ieee754_sqrtf)
C:/Program Files (x86)/Arm GNU Toolchain arm-none-eabi/14.2 rel1/bin/../lib/gcc/arm-none-eabi/14.2.1/thumb/v7-m/nofp\libm.a(libm_a-kf_rem_pio2.o)
                              C:/Program Files (x86)/Arm GNU Toolchain arm-none-eabi/14.2 rel1/bin/../lib/gcc/arm-none-eabi/14.2.1/thumb/v7-m/nofp\libm.a(libm_a-ef_rem_pio2.o) (__kernel_rem_pio2f)
C:/Program Files (x86)/Arm GNU Toolchain arm-none-eabi/14.2 rel1/bin/../lib/gcc/arm-none-eabi/14.2.1/thumb/v7-m/nofp\libm.a(libm_a-sf_floor.o)
                              C:/Program Files (x86)/Arm GNU Toolchain arm-none-eabi/14.2 rel1/bin/../lib/gcc/arm-none-eabi/14.2.1/thumb/v7-m/nofp\libm.a(libm_a-kf_rem_pio2.o) (floorf)
C:/Program Files (x86)/Arm GNU Toolchain arm-none-eabi/14.2 rel1/bin/../lib/gcc/arm-none-eabi/14.2.1/thumb/v7-m/nofp\libgcc.a(_arm_mulsf3.o)
                              CMakeFiles/STM32.dir/Core/Src/main.c.obj (__aeabi_fmul)
C:/Program Files (x86)/Arm GNU Toolchain arm-none-eabi/14.2 rel1/bin/../lib/gcc/arm-none-eabi/14.2.1/thumb/v7-m/nofp\libgcc.a(_arm_addsubsf3.o)
                              C:/Program Files (x86)/Arm GNU Toolchain arm-none-eabi/14.2 rel1/bin/../lib/gcc/arm-none-eabi/14.2.1/thumb/v7-m/nofp\libm.a(libm_a-sf_cos.o) (__aeabi_fsub)
[...]
Memory Configuration

Name             Origin             Length             Attributes
RAM              0x20000000         0x00005000         xrw
FLASH            0x08000000         0x00010000         xr
*default*        0x00000000         0xffffffff

Linker script and memory map

LOAD C:/Program Files (x86)/Arm GNU Toolchain arm-none-eabi/14.2 rel1/bin/../lib/gcc/arm-none-eabi/14.2.1/thumb/v7-m/nofp/crti.o
LOAD C:/Program Files (x86)/Arm GNU Toolchain arm-none-eabi/14.2 rel1/bin/../lib/gcc/arm-none-eabi/14.2.1/thumb/v7-m/nofp/crtbegin.o
LOAD C:/Program Files (x86)/Arm GNU Toolchain arm-none-eabi/14.2 rel1/bin/../lib/gcc/arm-none-eabi/14.2.1/thumb/v7-m/nofp/crt0.o
LOAD cmake/stm32cubemx/CMakeFiles/STM32_Drivers.dir/__/__/Core/Src/system_stm32f1xx.c.obj
LOAD cmake/stm32cubemx/CMakeFiles/STM32_Drivers.dir/__/__/Drivers/STM32F1xx_HAL_Driver/Src/stm32f1xx_hal_gpio_ex.c.obj
LOAD cmake/stm32cubemx/CMakeFiles/STM32_Drivers.dir/__/__/Drivers/STM32F1xx_HAL_Driver/Src/stm32f1xx_hal_adc.c.obj
LOAD cmake/stm32cubemx/CMakeFiles/STM32_Drivers.dir/__/__/Drivers/STM32F1xx_HAL_Driver/Src/stm32f1xx_hal_adc_ex.c.obj
LOAD cmake/stm32cubemx/CMakeFiles/STM32_Drivers.dir/__/__/Drivers/STM32F1xx_HAL_Driver/Src/stm32f1xx_hal.c.obj
LOAD cmake/stm32cubemx/CMakeFiles/STM32_Drivers.dir/__/__/Drivers/STM32F1xx_HAL_Driver/Src/stm32f1xx_hal_rcc.c.obj
LOAD cmake/stm32cubemx/CMakeFiles/STM32_Drivers.dir/__/__/Drivers/STM32F1xx_HAL_Driver/Src/stm32f1xx_hal_rcc_ex.c.obj
LOAD cmake/stm32cubemx/CMakeFiles/STM32_Drivers.dir/__/__/Drivers/STM32F1xx_HAL_Driver/Src/stm32f1xx_hal_gpio.c.obj
LOAD cmake/stm32cubemx/CMakeFiles/STM32_Drivers.dir/__/__/Drivers/STM32F1xx_HAL_Driver/Src/stm32f1xx_hal_dma.c.obj
LOAD cmake/stm32cubemx/CMakeFiles/STM32_Drivers.dir/__/__/Drivers/STM32F1xx_HAL_Driver/Src/stm32f1xx_hal_cortex.c.obj
LOAD cmake/stm32cubemx/CMakeFiles/STM32_Drivers.dir/__/__/Drivers/STM32F1xx_HAL_Driver/Src/stm32f1xx_hal_pwr.c.obj
LOAD cmake/stm32cubemx/CMakeFiles/STM32_Drivers.dir/__/__/Drivers/STM32F1xx_HAL_Driver/Src/stm32f1xx_hal_flash.c.obj
LOAD cmake/stm32cubemx/CMakeFiles/STM32_Drivers.dir/__/__/Drivers/STM32F1xx_HAL_Driver/Src/stm32f1xx_hal_flash_ex.c.obj
LOAD cmake/stm32cubemx/CMakeFiles/STM32_Drivers.dir/__/__/Drivers/STM32F1xx_HAL_Driver/Src/stm32f1xx_hal_exti.c.obj
LOAD cmake/stm32cubemx/CMakeFiles/STM32_Drivers.dir/__/__/Drivers/STM32F1xx_HAL_Driver/Src/stm32f1xx_hal_i2c.c.obj
LOAD cmake/stm32cubemx/CMakeFiles/STM32_Drivers.dir/__/__/Drivers/STM32F1xx_HAL_Driver/Src/stm32f1xx_hal_tim.c.obj
LOAD cmake/stm32cubemx/CMakeFiles/STM32_Drivers.dir/__/__/Drivers/STM32F1xx_HAL_Driver/Src/stm32f1xx_hal_tim_ex.c.obj
LOAD cmake/stm32cubemx/CMakeFiles/STM32_Drivers.dir/__/__/Drivers/STM32F1xx_HAL_Driver/Src/stm32f1xx_hal_uart.c.obj
LOAD CMakeFiles/STM32.dir/Core/Src/main.c.obj
LOAD CMakeFiles/STM32.dir/Core/Src/stm32f1xx_it.c.obj
LOAD CMakeFiles/STM32.dir/Core/Src/stm32f1xx_hal_msp.c.obj
LOAD CMakeFiles/STM32.dir/Core/Src/sysmem.c.obj
LOAD CMakeFiles/STM32.dir/Core/Src/syscalls.c.obj
LOAD CMakeFiles/STM32.dir/startup_stm32f103xb.s.obj
LOAD CMakeFiles/STM32.dir/Core/Src/ssd1306.c.obj
LOAD CMakeFiles/STM32.dir/Core/Src/ssd1306_fonts.c.obj
LOAD C:/Program Files (x86)/Arm GNU Toolchain arm-none-eabi/14.2 rel1/bin/../lib/gcc/arm-none-eabi/14.2.1/thumb/v7-m/nofp\libm.a
LOAD C:/Program Files (x86)/Arm GNU Toolchain arm-none-eabi/14.2 rel1/bin/../lib/gcc/arm-none-eabi/14.2.1/thumb/v7-m/nofp\libm.a
START GROUP
LOAD C:/Program Files (x86)/Arm GNU Toolchain arm-none-eabi/14.2 rel1/bin/../lib/gcc/arm-none-eabi/14.2.1/thumb/v7-m/nofp\libgcc.a
LOAD C:/Program Files (x86)/Arm GNU Toolchain arm-none-eabi/14.2 rel1/bin/../lib/gcc/arm-none-eabi/14.2.1/thumb/v7-m/nofp\libg_nano.a
LOAD C:/Program Files (x86)/Arm GNU Toolchain arm-none-eabi/14.2 rel1/bin/../lib/gcc/arm-none-eabi/14.2.1/thumb/v7-m/nofp\libc_nano.a
END GROUP
START GROUP
LOAD C:/Program Files (x86)/Arm GNU Toolchain arm-none-eabi/14.2 rel1/bin/../lib/gcc/arm-none-eabi/14.2.1/thumb/v7-m/nofp\libgcc.a
LOAD C:/Program Files (x86)/Arm GNU Toolchain arm-none-eabi/14.2 rel1/bin/../lib/gcc/arm-none-eabi/14.2.1/thumb/v7-m/nofp\libc_nano.a
END GROUP
LOAD C:/Program Files (x86)/Arm GNU Toolchain arm-none-eabi/14.2 rel1/bin/../lib/gcc/arm-none-eabi/14.2.1/thumb/v7-m/nofp/crtend.o
LOAD C:/Program Files (x86)/Arm GNU Toolchain arm-none-eabi/14.2 rel1/bin/../lib/gcc/arm-none-eabi/14.2.1/thumb/v7-m/nofp/crtn.o
                0x20005000                        _estack = (ORIGIN (RAM) + LENGTH (RAM))
                0x20004c00                        _sstack = (_estack - _Min_Stack_Size)
                0x00000200                        _Min_Heap_Size = 0x200
                0x00000400                        _Min_Stack_Size = 0x400

.isr_vector     0x08000000      0x10c
                0x08000000                        . = ALIGN (0x4)
 *(.isr_vector)
 .isr_vector    0x08000000      0x10c CMakeFiles/STM32.dir/startup_stm32f103xb.s.obj
                0x08000000                g_pfnVectors
                0x0800010c                        . = ALIGN (0x4)

.text           0x0800010c     0x61a0
                0x0800010c                        . = ALIGN (0x4)
 *(.text)
 .text          0x0800010c      0x21c C:/Program Files (x86)/Arm GNU Toolchain arm-none-eabi/14.2 rel1/bin/../lib/gcc/arm-none-eabi/14.2.1/thumb/v7-m/nofp\libgcc.a(_arm_addsubsf3.o)
                0x0800010c                __aeabi_frsub
                0x08000114                __subsf3
                0x08000114                __aeabi_fsub
                0x08000118                __aeabi_fadd
                0x08000118                __addsf3
                0x08000278                __aeabi_ui2f
                0x08000278                __floatunsisf
                0x08000280                __aeabi_i2f
                0x08000280                __floatsisf
                0x0800029c                __aeabi_ul2f
                0x0800029c                __floatundisf
                0x080002ac                __aeabi_l2f
                0x080002ac                __floatdisf
 .text          0x08000328      0x2a0 C:/Program Files (x86)/Arm GNU Toolchain arm-none-eabi/14.2 rel1/bin/../lib/gcc/arm-none-eabi/14.2.1/thumb/v7-m/nofp\libgcc.a(_arm_muldivsf3.o)
                0x08000328                __mulsf3
                0x08000328                __aeabi_fmul
                0x08000490                __aeabi_fdiv
                0x08000490                __divsf3
 .text          0x080005c8       0xec C:/Program Files (x86)/Arm GNU Toolchain arm-none-eabi/14.2 rel1/bin/../lib/gcc/arm-none-eabi/14.2.1/thumb/v7-m/nofp\libgcc.a(_arm_cmpsf2.o)
                0x080005c8                __gesf2
                0x080005c8                __gtsf2
                0x080005d0                __lesf2
                0x080005d0                __ltsf2
                0x080005d8                __nesf2
                0x080005d8                __eqsf2
                0x080005d8                __cmpsf2
                0x08000638                __aeabi_cfrcmple
                0x08000640                __aeabi_cfcmpeq
                0x08000640                __aeabi_cfcmple
                0x08000650                __aeabi_fcmpeq
                0x08000664                __aeabi_fcmplt
                0x08000678                __aeabi_fcmple
                0x0800068c                __aeabi_fcmpge
                0x080006a0                __aeabi_fcmpgt
 .text          0x080006b4       0x2c C:/Program Files (x86)/Arm GNU Toolchain arm-none-eabi/14.2 rel1/bin/../lib/gcc/arm-none-eabi/14.2.1/thumb/v7-m/nofp\libgcc.a(_arm_unordsf2.o)
                0x080006b4                __unordsf2
                0x080006b4                __aeabi_fcmpun
 .text          0x080006e0       0x40 C:/Program Files (x86)/Arm GNU Toolchain arm-none-eabi/14.2 rel1/bin/../lib/gcc/arm-none-eabi/14.2.1/thumb/v7-m/nofp\libgcc.a(_arm_fixunssfsi.o)
                0x080006e0                __fixunssfsi
                0x080006e0                __aeabi_f2uiz
 .text          0x08000720       0x10 C:/Program Files (x86)/Arm GNU Toolchain arm-none-eabi/14.2 rel1/bin/../lib/gcc/arm-none-eabi/14.2.1/thumb/v7-m/nofp\libg_nano.a(libc_a-strlen.o)
                0x08000720                strlen
 *(.text*)
 .text.deregister_tm_clones
                0x08000730       0x1c C:/Program Files (x86)/Arm GNU Toolchain arm-none-eabi/14.2 rel1/bin/../lib/gcc/arm-none-eabi/14.2.1/thumb/v7-m/nofp/crtbegin.o
 .text.register_tm_clones
                0x0800074c       0x24 C:/Program Files (x86)/Arm GNU Toolchain arm-none-eabi/14.2 rel1/bin/../lib/gcc/arm-none-eabi/14.2.1/thumb/v7-m/nofp/crtbegin.o
 .text.__do_global_dtors_aux
                0x08000770       0x28 C:/Program Files (x86)/Arm GNU Toolchain arm-none-eabi/14.2 rel1/bin/../lib/gcc/arm-none-eabi/14.2.1/thumb/v7-m/nofp/crtbegin.o
 .text.frame_dummy
                0x08000798       0x24 C:/Program Files (x86)/Arm GNU Toolchain arm-none-eabi/14.2 rel1/bin/../lib/gcc/arm-none-eabi/14.2.1/thumb/v7-m/nofp/crtbegin.o
 .text.SystemInit
                0x080007bc        0xc cmake/stm32cubemx/CMakeFiles/STM32_Drivers.dir/__/__/Core/Src/system_stm32f1xx.c.obj
                0x080007bc                SystemInit
 .text.HAL_ADC_Init
                0x080007c8      0x1b0 cmake/stm32cubemx/CMakeFiles/STM32_Drivers.dir/__/__/Drivers/STM32F1xx_HAL_Driver/Src/stm32f1xx_hal_adc.c.obj
                0x080007c8                HAL_ADC_Init
 .text.HAL_ADC_Start
                0x08000978      0x15c cmake/stm32cubemx/CMakeFiles/STM32_Drivers.dir/__/__/Drivers/STM32F1xx_HAL_Driver/Src/stm32f1xx_hal_adc.c.obj
                0x08000978                HAL_ADC_Start
 .text.HAL_ADC_Stop
                0x08000ad4       0x58 cmake/stm32cubemx/CMakeFiles/STM32_Drivers.dir/__/__/Drivers/STM32F1xx_HAL_Driver/Src/stm32f1xx_hal_adc.c.obj
                0x08000ad4                HAL_ADC_Stop
 .text.HAL_ADC_PollForConversion
                0x08000b2c      0x20c cmake/stm32cubemx/CMakeFiles/STM32_Drivers.dir/__/__/Drivers/STM32F1xx_HAL_Driver/Src/stm32f1xx_hal_adc.c.obj
                0x08000b2c                HAL_ADC_PollForConversion
 .text.HAL_ADC_GetValue
                0x08000d38       0x18 cmake/stm32cubemx/CMakeFiles/STM32_Drivers.dir/__/__/Drivers/STM32F1xx_HAL_Driver/Src/stm32f1xx_hal_adc.c.obj
                0x08000d38                HAL_ADC_GetValue
 .text.HAL_ADC_ConfigChannel
                0x08000d50      0x1f0 cmake/stm32cubemx/CMakeFiles/STM32_Drivers.dir/__/__/Drivers/STM32F1xx_HAL_Driver/Src/stm32f1xx_hal_adc.c.obj
                0x08000d50                HAL_ADC_ConfigChannel
 .text.ADC_Enable
                0x08000f40       0xb4 cmake/stm32cubemx/CMakeFiles/STM32_Drivers.dir/__/__/Drivers/STM32F1xx_HAL_Driver/Src/stm32f1xx_hal_adc.c.obj
                0x08000f40                ADC_Enable
 .text.ADC_ConversionStop_Disable
                0x08000ff4       0x82 cmake/stm32cubemx/CMakeFiles/STM32_Drivers.dir/__/__/Drivers/STM32F1xx_HAL_Driver/Src/stm32f1xx_hal_adc.c.obj
                0x08000ff4                ADC_ConversionStop_Disable
 *fill*         0x08001076        0x2 
 .text.HAL_Init
                0x08001078       0x2c cmake/stm32cubemx/CMakeFiles/STM32_Drivers.dir/__/__/Drivers/STM32F1xx_HAL_Driver/Src/stm32f1xx_hal.c.obj
                0x08001078                HAL_Init
 .text.HAL_InitTick
                0x080010a4       0x60 cmake/stm32cubemx/CMakeFiles/STM32_Drivers.dir/__/__/Drivers/STM32F1xx_HAL_Driver/Src/stm32f1xx_hal.c.obj
                0x080010a4                HAL_InitTick
 .text.HAL_IncTick
                0x08001104       0x24 cmake/stm32cubemx/CMakeFiles/STM32_Drivers.dir/__/__/Drivers/STM32F1xx_HAL_Driver/Src/stm32f1xx_hal.c.obj
                0x08001104                HAL_IncTick
 .text.HAL_GetTick
                0x08001128       0x14 cmake/stm32cubemx/CMakeFiles/STM32_Drivers.dir/__/__/Drivers/STM32F1xx_HAL_Driver/Src/stm32f1xx_hal.c.obj
                0x08001128                HAL_GetTick
 .text.HAL_Delay
                0x0800113c       0x48 cmake/stm32cubemx/CMakeFiles/STM32_Drivers.dir/__/__/Drivers/STM32F1xx_HAL_Driver/Src/stm32f1xx_hal.c.obj
                0x0800113c                HAL_Delay
 .text.HAL_RCC_OscConfig
                0x08001184      0x504 cmake/stm32cubemx/CMakeFiles/STM32_Drivers.dir/__/__/Drivers/STM32F1xx_HAL_Driver/Src/stm32f1xx_hal_rcc.c.obj
                0x08001184                HAL_RCC_OscConfig
 .text.HAL_RCC_ClockConfig
                0x08001688      0x1d4 cmake/stm32cubemx/CMakeFiles/STM32_Drivers.dir/__/__/Drivers/STM32F1xx_HAL_Driver/Src/stm32f1xx_hal_rcc.c.obj
                0x08001688                HAL_RCC_ClockConfig
 .text.HAL_RCC_GetSysClockFreq
                0x0800185c       0xa8 cmake/stm32cubemx/CMakeFiles/STM32_Drivers.dir/__/__/Drivers/STM32F1xx_HAL_Driver/Src/stm32f1xx_hal_rcc.c.obj
                0x0800185c                HAL_RCC_GetSysClockFreq
 .text.HAL_RCC_GetHCLKFreq
                0x08001904       0x14 cmake/stm32cubemx/CMakeFiles/STM32_Drivers.dir/__/__/Drivers/STM32F1xx_HAL_Driver/Src/stm32f1xx_hal_rcc.c.obj
                0x08001904                HAL_RCC_GetHCLKFreq
 .text.HAL_RCC_GetPCLK1Freq
                0x08001918       0x28 cmake/stm32cubemx/CMakeFiles/STM32_Drivers.dir/__/__/Drivers/STM32F1xx_HAL_Driver/Src/stm32f1xx_hal_rcc.c.obj
                0x08001918                HAL_RCC_GetPCLK1Freq
 .text.HAL_RCC_GetPCLK2Freq
                0x08001940       0x28 cmake/stm32cubemx/CMakeFiles/STM32_Drivers.dir/__/__/Drivers/STM32F1xx_HAL_Driver/Src/stm32f1xx_hal_rcc.c.obj
                0x08001940                HAL_RCC_GetPCLK2Freq
 .text.RCC_Delay
                0x08001968       0x3c cmake/stm32cubemx/CMakeFiles/STM32_Drivers.dir/__/__/Drivers/STM32F1xx_HAL_Driver/Src/stm32f1xx_hal_rcc.c.obj
 .text.HAL_RCCEx_PeriphCLKConfig
                0x080019a4      0x16c cmake/stm32cubemx/CMakeFiles/STM32_Drivers.dir/__/__/Drivers/STM32F1xx_HAL_Driver/Src/stm32f1xx_hal_rcc_ex.c.obj
                0x080019a4                HAL_RCCEx_PeriphCLKConfig
 .text.HAL_RCCEx_GetPeriphCLKFreq
                0x08001b10      0x16c cmake/stm32cubemx/CMakeFiles/STM32_Drivers.dir/__/__/Drivers/STM32F1xx_HAL_Driver/Src/stm32f1xx_hal_rcc_ex.c.obj
                0x08001b10                HAL_RCCEx_GetPeriphCLKFreq
 .text.HAL_GPIO_Init
                0x08001c7c      0x308 cmake/stm32cubemx/CMakeFiles/STM32_Drivers.dir/__/__/Drivers/STM32F1xx_HAL_Driver/Src/stm32f1xx_hal_gpio.c.obj
                0x08001c7c                HAL_GPIO_Init
 .text.HAL_GPIO_WritePin
                0x08001f84       0x30 cmake/stm32cubemx/CMakeFiles/STM32_Drivers.dir/__/__/Drivers/STM32F1xx_HAL_Driver/Src/stm32f1xx_hal_gpio.c.obj
                0x08001f84                HAL_GPIO_WritePin
 .text.HAL_GPIO_EXTI_IRQHandler
                0x08001fb4       0x30 cmake/stm32cubemx/CMakeFiles/STM32_Drivers.dir/__/__/Drivers/STM32F1xx_HAL_Driver/Src/stm32f1xx_hal_gpio.c.obj
                0x08001fb4                HAL_GPIO_EXTI_IRQHandler
 .text.HAL_DMA_Abort
                0x08001fe4       0x76 cmake/stm32cubemx/CMakeFiles/STM32_Drivers.dir/__/__/Drivers/STM32F1xx_HAL_Driver/Src/stm32f1xx_hal_dma.c.obj
                0x08001fe4                HAL_DMA_Abort
 *fill*         0x0800205a        0x2 
 .text.HAL_DMA_Abort_IT
                0x0800205c       0xf0 cmake/stm32cubemx/CMakeFiles/STM32_Drivers.dir/__/__/Drivers/STM32F1xx_HAL_Driver/Src/stm32f1xx_hal_dma.c.obj
                0x0800205c                HAL_DMA_Abort_IT
 .text.__NVIC_SetPriorityGrouping
                0x0800214c       0x48 cmake/stm32cubemx/CMakeFiles/STM32_Drivers.dir/__/__/Drivers/STM32F1xx_HAL_Driver/Src/stm32f1xx_hal_cortex.c.obj
 .text.__NVIC_GetPriorityGrouping
                0x08002194       0x1c cmake/stm32cubemx/CMakeFiles/STM32_Drivers.dir/__/__/Drivers/STM32F1xx_HAL_Driver/Src/stm32f1xx_hal_cortex.c.obj
 .text.__NVIC_EnableIRQ
                0x080021b0       0x38 cmake/stm32cubemx/CMakeFiles/STM32_Drivers.dir/__/__/Drivers/STM32F1xx_HAL_Driver/Src/stm32f1xx_hal_cortex.c.obj
 .text.__NVIC_SetPriority
                0x080021e8       0x54 cmake/stm32cubemx/CMakeFiles/STM32_Drivers.dir/__/__/Drivers/STM32F1xx_HAL_Driver/Src/stm32f1xx_hal_cortex.c.obj
 .text.NVIC_EncodePriority
                0x0800223c       0x64 cmake/stm32cubemx/CMakeFiles/STM32_Drivers.dir/__/__/Drivers/STM32F1xx_HAL_Driver/Src/stm32f1xx_hal_cortex.c.obj
 .text.SysTick_Config
                0x080022a0       0x44 cmake/stm32cubemx/CMakeFiles/STM32_Drivers.dir/__/__/Drivers/STM32F1xx_HAL_Driver/Src/stm32f1xx_hal_cortex.c.obj
 .text.HAL_NVIC_SetPriorityGrouping
                0x080022e4       0x16 cmake/stm32cubemx/CMakeFiles/STM32_Drivers.dir/__/__/Drivers/STM32F1xx_HAL_Driver/Src/stm32f1xx_hal_cortex.c.obj
                0x080022e4                HAL_NVIC_SetPriorityGrouping
 .text.HAL_NVIC_SetPriority
                0x080022fa       0x38 cmake/stm32cubemx/CMakeFiles/STM32_Drivers.dir/__/__/Drivers/STM32F1xx_HAL_Driver/Src/stm32f1xx_hal_cortex.c.obj
                0x080022fa                HAL_NVIC_SetPriority
 .text.HAL_NVIC_EnableIRQ
                0x08002332       0x1c cmake/stm32cubemx/CMakeFiles/STM32_Drivers.dir/__/__/Drivers/STM32F1xx_HAL_Driver/Src/stm32f1xx_hal_cortex.c.obj
                0x08002332                HAL_NVIC_EnableIRQ
 .text.HAL_SYSTICK_Config
                0x0800234e       0x18 cmake/stm32cubemx/CMakeFiles/STM32_Drivers.dir/__/__/Drivers/STM32F1xx_HAL_Driver/Src/stm32f1xx_hal_cortex.c.obj
                0x0800234e                HAL_SYSTICK_Config
 *fill*         0x08002366        0x2 
 .text.HAL_I2C_Init
                0x08002368      0x288 cmake/stm32cubemx/CMakeFiles/STM32_Drivers.dir/__/__/Drivers/STM32F1xx_HAL_Driver/Src/stm32f1xx_hal_i2c.c.obj
                0x08002368                HAL_I2C_Init
 .text.HAL_TIM_Base_Init
                0x080025f0       0x9e cmake/stm32cubemx/CMakeFiles/STM32_Drivers.dir/__/__/Drivers/STM32F1xx_HAL_Driver/Src/stm32f1xx_hal_tim.c.obj
                0x080025f0                HAL_TIM_Base_Init
 .text.HAL_TIM_PWM_Init
                0x0800268e       0x9e cmake/stm32cubemx/CMakeFiles/STM32_Drivers.dir/__/__/Drivers/STM32F1xx_HAL_Driver/Src/stm32f1xx_hal_tim.c.obj
                0x0800268e                HAL_TIM_PWM_Init
 .text.HAL_TIM_PWM_MspInit
                0x0800272c       0x12 cmake/stm32cubemx/CMakeFiles/STM32_Drivers.dir/__/__/Drivers/STM32F1xx_HAL_Driver/Src/stm32f1xx_hal_tim.c.obj
                0x0800272c                HAL_TIM_PWM_MspInit
 *fill*         0x0800273e        0x2 
 .text.HAL_TIM_PWM_Start
                0x08002740      0x144 cmake/stm32cubemx/CMakeFiles/STM32_Drivers.dir/__/__/Drivers/STM32F1xx_HAL_Driver/Src/stm32f1xx_hal_tim.c.obj
                0x08002740                HAL_TIM_PWM_Start
 .text.HAL_TIM_IRQHandler
                0x08002884      0x1e0 cmake/stm32cubemx/CMakeFiles/STM32_Drivers.dir/__/__/Drivers/STM32F1xx_HAL_Driver/Src/stm32f1xx_hal_tim.c.obj
                0x08002884                HAL_TIM_IRQHandler
 .text.HAL_TIM_PWM_ConfigChannel
                0x08002a64      0x184 cmake/stm32cubemx/CMakeFiles/STM32_Drivers.dir/__/__/Drivers/STM32F1xx_HAL_Driver/Src/stm32f1xx_hal_tim.c.obj
                0x08002a64                HAL_TIM_PWM_ConfigChannel
 .text.HAL_TIM_ConfigClockSource
                0x08002be8      0x18e cmake/stm32cubemx/CMakeFiles/STM32_Drivers.dir/__/__/Drivers/STM32F1xx_HAL_Driver/Src/stm32f1xx_hal_tim.c.obj
                0x08002be8                HAL_TIM_ConfigClockSource
 .text.HAL_TIM_PeriodElapsedCallback
                0x08002d76       0x12 cmake/stm32cubemx/CMakeFiles/STM32_Drivers.dir/__/__/Drivers/STM32F1xx_HAL_Driver/Src/stm32f1xx_hal_tim.c.obj
                0x08002d76                HAL_TIM_PeriodElapsedCallback
 .text.HAL_TIM_OC_DelayElapsedCallback
                0x08002d88       0x12 cmake/stm32cubemx/CMakeFiles/STM32_Drivers.dir/__/__/Drivers/STM32F1xx_HAL_Driver/Src/stm32f1xx_hal_tim.c.obj
                0x08002d88                HAL_TIM_OC_DelayElapsedCallback
 .text.HAL_TIM_IC_CaptureCallback
                0x08002d9a       0x12 cmake/stm32cubemx/CMakeFiles/STM32_Drivers.dir/__/__/Drivers/STM32F1xx_HAL_Driver/Src/stm32f1xx_hal_tim.c.obj
                0x08002d9a                HAL_TIM_IC_CaptureCallback
 .text.HAL_TIM_PWM_PulseFinishedCallback
                0x08002dac       0x12 cmake/stm32cubemx/CMakeFiles/STM32_Drivers.dir/__/__/Drivers/STM32F1xx_HAL_Driver/Src/stm32f1xx_hal_tim.c.obj
                0x08002dac                HAL_TIM_PWM_PulseFinishedCallback
 .text.HAL_TIM_TriggerCallback
                0x08002dbe       0x12 cmake/stm32cubemx/CMakeFiles/STM32_Drivers.dir/__/__/Drivers/STM32F1xx_HAL_Driver/Src/stm32f1xx_hal_tim.c.obj
                0x08002dbe                HAL_TIM_TriggerCallback
 .text.TIM_Base_SetConfig
                0x08002dd0       0xdc cmake/stm32cubemx/CMakeFiles/STM32_Drivers.dir/__/__/Drivers/STM32F1xx_HAL_Driver/Src/stm32f1xx_hal_tim.c.obj
                0x08002dd0                TIM_Base_SetConfig
 .text.TIM_OC1_SetConfig
                0x08002eac       0xcc cmake/stm32cubemx/CMakeFiles/STM32_Drivers.dir/__/__/Drivers/STM32F1xx_HAL_Driver/Src/stm32f1xx_hal_tim.c.obj
 .text.TIM_OC2_SetConfig
                0x08002f78       0xd4 cmake/stm32cubemx/CMakeFiles/STM32_Drivers.dir/__/__/Drivers/STM32F1xx_HAL_Driver/Src/stm32f1xx_hal_tim.c.obj
                0x08002f78                TIM_OC2_SetConfig
 .text.TIM_OC3_SetConfig
                0x0800304c       0xd4 cmake/stm32cubemx/CMakeFiles/STM32_Drivers.dir/__/__/Drivers/STM32F1xx_HAL_Driver/Src/stm32f1xx_hal_tim.c.obj
 .text.TIM_OC4_SetConfig
                0x08003120       0x9c cmake/stm32cubemx/CMakeFiles/STM32_Drivers.dir/__/__/Drivers/STM32F1xx_HAL_Driver/Src/stm32f1xx_hal_tim.c.obj
 .text.TIM_TI1_ConfigInputStage
                0x080031bc       0x5c cmake/stm32cubemx/CMakeFiles/STM32_Drivers.dir/__/__/Drivers/STM32F1xx_HAL_Driver/Src/stm32f1xx_hal_tim.c.obj
 .text.TIM_TI2_ConfigInputStage
                0x08003218       0x5e cmake/stm32cubemx/CMakeFiles/STM32_Drivers.dir/__/__/Drivers/STM32F1xx_HAL_Driver/Src/stm32f1xx_hal_tim.c.obj
 .text.TIM_ITRx_SetConfig
                0x08003276       0x34 cmake/stm32cubemx/CMakeFiles/STM32_Drivers.dir/__/__/Drivers/STM32F1xx_HAL_Driver/Src/stm32f1xx_hal_tim.c.obj
 .text.TIM_ETR_SetConfig
                0x080032aa       0x3e cmake/stm32cubemx/CMakeFiles/STM32_Drivers.dir/__/__/Drivers/STM32F1xx_HAL_Driver/Src/stm32f1xx_hal_tim.c.obj
                0x080032aa                TIM_ETR_SetConfig
 .text.TIM_CCxChannelCmd
                0x080032e8       0x48 cmake/stm32cubemx/CMakeFiles/STM32_Drivers.dir/__/__/Drivers/STM32F1xx_HAL_Driver/Src/stm32f1xx_hal_tim.c.obj
                0x080032e8                TIM_CCxChannelCmd
 .text.HAL_TIMEx_MasterConfigSynchronization
                0x08003330       0xbc cmake/stm32cubemx/CMakeFiles/STM32_Drivers.dir/__/__/Drivers/STM32F1xx_HAL_Driver/Src/stm32f1xx_hal_tim_ex.c.obj
                0x08003330                HAL_TIMEx_MasterConfigSynchronization
 .text.HAL_TIMEx_CommutCallback
                0x080033ec       0x12 cmake/stm32cubemx/CMakeFiles/STM32_Drivers.dir/__/__/Drivers/STM32F1xx_HAL_Driver/Src/stm32f1xx_hal_tim_ex.c.obj
                0x080033ec                HAL_TIMEx_CommutCallback
 .text.HAL_TIMEx_BreakCallback
                0x080033fe       0x12 cmake/stm32cubemx/CMakeFiles/STM32_Drivers.dir/__/__/Drivers/STM32F1xx_HAL_Driver/Src/stm32f1xx_hal_tim_ex.c.obj
                0x080033fe                HAL_TIMEx_BreakCallback
 .text.HAL_UART_Init
                0x08003410       0xa0 cmake/stm32cubemx/CMakeFiles/STM32_Drivers.dir/__/__/Drivers/STM32F1xx_HAL_Driver/Src/stm32f1xx_hal_uart.c.obj
                0x08003410                HAL_UART_Init
 .text.HAL_UART_Transmit
                0x080034b0      0x116 cmake/stm32cubemx/CMakeFiles/STM32_Drivers.dir/__/__/Drivers/STM32F1xx_HAL_Driver/Src/stm32f1xx_hal_uart.c.obj
                0x080034b0                HAL_UART_Transmit
 .text.HAL_UART_Receive_IT
                0x080035c6       0x4a cmake/stm32cubemx/CMakeFiles/STM32_Drivers.dir/__/__/Drivers/STM32F1xx_HAL_Driver/Src/stm32f1xx_hal_uart.c.obj
                0x080035c6                HAL_UART_Receive_IT
 .text.HAL_UART_IRQHandler
                0x08003610      0x524 cmake/stm32cubemx/CMakeFiles/STM32_Drivers.dir/__/__/Drivers/STM32F1xx_HAL_Driver/Src/stm32f1xx_hal_uart.c.obj
                0x08003610                HAL_UART_IRQHandler
 .text.HAL_UART_TxCpltCallback
                0x08003b34       0x12 cmake/stm32cubemx/CMakeFiles/STM32_Drivers.dir/__/__/Drivers/STM32F1xx_HAL_Driver/Src/stm32f1xx_hal_uart.c.obj
                0x08003b34                HAL_UART_TxCpltCallback
 .text.HAL_UARTEx_RxEventCallback
                0x08003b46       0x16 cmake/stm32cubemx/CMakeFiles/STM32_Drivers.dir/__/__/Drivers/STM32F1xx_HAL_Driver/Src/stm32f1xx_hal_uart.c.obj
                0x08003b46                HAL_UARTEx_RxEventCallback
 .text.UART_WaitOnFlagUntilTimeout
                0x08003b5c       0xb2 cmake/stm32cubemx/CMakeFiles/STM32_Drivers.dir/__/__/Drivers/STM32F1xx_HAL_Driver/Src/stm32f1xx_hal_uart.c.obj
 .text.UART_Start_Receive_IT
                0x08003c0e       0x72 cmake/stm32cubemx/CMakeFiles/STM32_Drivers.dir/__/__/Drivers/STM32F1xx_HAL_Driver/Src/stm32f1xx_hal_uart.c.obj
                0x08003c0e                UART_Start_Receive_IT
 .text.UART_EndRxTransfer
                0x08003c80       0xc4 cmake/stm32cubemx/CMakeFiles/STM32_Drivers.dir/__/__/Drivers/STM32F1xx_HAL_Driver/Src/stm32f1xx_hal_uart.c.obj
 .text.UART_DMAAbortOnError
                0x08003d44       0x28 cmake/stm32cubemx/CMakeFiles/STM32_Drivers.dir/__/__/Drivers/STM32F1xx_HAL_Driver/Src/stm32f1xx_hal_uart.c.obj
 .text.UART_Transmit_IT
                0x08003d6c       0x9e cmake/stm32cubemx/CMakeFiles/STM32_Drivers.dir/__/__/Drivers/STM32F1xx_HAL_Driver/Src/stm32f1xx_hal_uart.c.obj
 .text.UART_EndTransmit_IT
                0x08003e0a       0x30 cmake/stm32cubemx/CMakeFiles/STM32_Drivers.dir/__/__/Drivers/STM32F1xx_HAL_Driver/Src/stm32f1xx_hal_uart.c.obj
 .text.UART_Receive_IT
                0x08003e3a      0x17c cmake/stm32cubemx/CMakeFiles/STM32_Drivers.dir/__/__/Drivers/STM32F1xx_HAL_Driver/Src/stm32f1xx_hal_uart.c.obj
 *fill*         0x08003fb6        0x2 
 .text.UART_SetConfig
                0x08003fb8      0x11c cmake/stm32cubemx/CMakeFiles/STM32_Drivers.dir/__/__/Drivers/STM32F1xx_HAL_Driver/Src/stm32f1xx_hal_uart.c.obj
 .text.main     0x080040d4      0x5f0 CMakeFiles/STM32.dir/Core/Src/main.c.obj
                0x080040d4                main
 .text.SystemClock_Config
                0x080046c4       0xa0 CMakeFiles/STM32.dir/Core/Src/main.c.obj
                0x080046c4                SystemClock_Config
 .text.MX_ADC1_Init
                0x08004764       0x7c CMakeFiles/STM32.dir/Core/Src/main.c.obj
 .text.MX_I2C1_Init
                0x080047e0       0x5c CMakeFiles/STM32.dir/Core/Src/main.c.obj
 .text.MX_TIM2_Init
                0x0800483c       0x98 CMakeFiles/STM32.dir/Core/Src/main.c.obj
 .text.MX_TIM3_Init
                0x080048d4      0x130 CMakeFiles/STM32.dir/Core/Src/main.c.obj
 .text.MX_USART1_UART_Init
                0x08004a04       0x54 CMakeFiles/STM32.dir/Core/Src/main.c.obj
 .text.MX_GPIO_Init
                0x08004a58       0xb8 CMakeFiles/STM32.dir/Core/Src/main.c.obj
 .text.HAL_GPIO_EXTI_Callback
                0x08004b10       0xcc CMakeFiles/STM32.dir/Core/Src/main.c.obj
                0x08004b10                HAL_GPIO_EXTI_Callback
 .text.HAL_UART_RxCpltCallback
                0x08004bdc      0x124 CMakeFiles/STM32.dir/Core/Src/main.c.obj
                0x08004bdc                HAL_UART_RxCpltCallback
 .text.HAL_UART_ErrorCallback
                0x08004d00       0x88 CMakeFiles/STM32.dir/Core/Src/main.c.obj
                0x08004d00                HAL_UART_ErrorCallback
 .text.Error_Handler
                0x08004d88        0xc CMakeFiles/STM32.dir/Core/Src/main.c.obj
                0x08004d88                Error_Handler
 .text.NMI_Handler
                0x08004d94        0x8 CMakeFiles/STM32.dir/Core/Src/stm32f1xx_it.c.obj
                0x08004d94                NMI_Handler
 .text.HardFault_Handler
                0x08004d9c        0x8 CMakeFiles/STM32.dir/Core/Src/stm32f1xx_it.c.obj
                0x08004d9c                HardFault_Handler
 .text.MemManage_Handler
                0x08004da4        0x8 CMakeFiles/STM32.dir/Core/Src/stm32f1xx_it.c.obj
                0x08004da4                MemManage_Handler
 .text.BusFault_Handler
                0x08004dac        0x8 CMakeFiles/STM32.dir/Core/Src/stm32f1xx_it.c.obj
                0x08004dac                BusFault_Handler
 .text.UsageFault_Handler
                0x08004db4        0x8 CMakeFiles/STM32.dir/Core/Src/stm32f1xx_it.c.obj
                0x08004db4                UsageFault_Handler
 .text.SVC_Handler
                0x08004dbc        0xc CMakeFiles/STM32.dir/Core/Src/stm32f1xx_it.c.obj
                0x08004dbc                SVC_Handler
 .text.DebugMon_Handler
                0x08004dc8        0xc CMakeFiles/STM32.dir/Core/Src/stm32f1xx_it.c.obj
                0x08004dc8                DebugMon_Handler
 .text.PendSV_Handler
                0x08004dd4        0xc CMakeFiles/STM32.dir/Core/Src/stm32f1xx_it.c.obj
                0x08004dd4                PendSV_Handler
 .text.SysTick_Handler
                0x08004de0        0xc CMakeFiles/STM32.dir/Core/Src/stm32f1xx_it.c.obj
                0x08004de0                SysTick_Handler
 .text.TIM2_IRQHandler
                0x08004dec       0x14 CMakeFiles/STM32.dir/Core/Src/stm32f1xx_it.c.obj
                0x08004dec                TIM2_IRQHandler
 .text.USART1_IRQHandler
                0x08004e00       0x14 CMakeFiles/STM32.dir/Core/Src/stm32f1xx_it.c.obj
                0x08004e00                USART1_IRQHandler
 .text.EXTI15_10_IRQHandler
                0x08004e14       0x18 CMakeFiles/STM32.dir/Core/Src/stm32f1xx_it.c.obj
                0x08004e14                EXTI15_10_IRQHandler
 .text.HAL_MspInit
                0x08004e2c       0x64 CMakeFiles/STM32.dir/Core/Src/stm32f1xx_hal_msp.c.obj
                0x08004e2c                HAL_MspInit
 .text.HAL_ADC_MspInit
                0x08004e90       0x78 CMakeFiles/STM32.dir/Core/Src/stm32f1xx_hal_msp.c.obj
                0x08004e90                HAL_ADC_MspInit
 .text.HAL_I2C_MspInit
                0x08004f08       0x7c CMakeFiles/STM32.dir/Core/Src/stm32f1xx_hal_msp.c.obj
                0x08004f08                HAL_I2C_MspInit
 .text.HAL_TIM_Base_MspInit
                0x08004f84       0x70 CMakeFiles/STM32.dir/Core/Src/stm32f1xx_hal_msp.c.obj
                0x08004f84                HAL_TIM_Base_MspInit
 .text.HAL_TIM_MspPostInit
                0x08004ff4       0x98 CMakeFiles/STM32.dir/Core/Src/stm32f1xx_hal_msp.c.obj
                0x08004ff4                HAL_TIM_MspPostInit
 .text.HAL_UART_MspInit
                0x0800508c       0xa8 CMakeFiles/STM32.dir/Core/Src/stm32f1xx_hal_msp.c.obj
                0x0800508c                HAL_UART_MspInit
 .text.Reset_Handler
                0x08005134       0x48 CMakeFiles/STM32.dir/startup_stm32f103xb.s.obj
                0x08005134                Reset_Handler
 .text.Default_Handler
                0x0800517c        0x2 CMakeFiles/STM32.dir/startup_stm32f103xb.s.obj
                0x0800517c                RTC_Alarm_IRQHandler
                0x0800517c                EXTI2_IRQHandler
                0x0800517c                TIM1_CC_IRQHandler
                0x0800517c                PVD_IRQHandler
                0x0800517c                EXTI3_IRQHandler
                0x0800517c                EXTI0_IRQHandler
                0x0800517c                I2C2_EV_IRQHandler
                0x0800517c                ADC1_2_IRQHandler
                0x0800517c                SPI1_IRQHandler
                0x0800517c                TAMPER_IRQHandler
                0x0800517c                DMA1_Channel4_IRQHandler
                0x0800517c                USART3_IRQHandler
                0x0800517c                RTC_IRQHandler
                0x0800517c                DMA1_Channel7_IRQHandler
                0x0800517c                CAN1_RX1_IRQHandler
                0x0800517c                TIM4_IRQHandler
                0x0800517c                I2C1_EV_IRQHandler
                0x0800517c                DMA1_Channel6_IRQHandler
                0x0800517c                TIM3_IRQHandler
                0x0800517c                RCC_IRQHandler
                0x0800517c                TIM1_TRG_COM_IRQHandler
                0x0800517c                DMA1_Channel1_IRQHandler
                0x0800517c                Default_Handler
                0x0800517c                EXTI9_5_IRQHandler
                0x0800517c                SPI2_IRQHandler
                0x0800517c                DMA1_Channel5_IRQHandler
                0x0800517c                EXTI4_IRQHandler
                0x0800517c                USB_LP_CAN1_RX0_IRQHandler
                0x0800517c                USB_HP_CAN1_TX_IRQHandler
                0x0800517c                DMA1_Channel3_IRQHandler
                0x0800517c                TIM1_UP_IRQHandler
                0x0800517c                WWDG_IRQHandler
                0x0800517c                TIM1_BRK_IRQHandler
                0x0800517c                EXTI1_IRQHandler
                0x0800517c                USART2_IRQHandler
                0x0800517c                I2C2_ER_IRQHandler
                0x0800517c                DMA1_Channel2_IRQHandler
                0x0800517c                CAN1_SCE_IRQHandler
                0x0800517c                FLASH_IRQHandler
                0x0800517c                I2C1_ER_IRQHandler
                0x0800517c                USBWakeUp_IRQHandler
 .text.SW_I2C_Delay
                0x0800517e       0x24 CMakeFiles/STM32.dir/Core/Src/ssd1306.c.obj
 *fill*         0x080051a2        0x2 
 .text.SW_I2C_Start
                0x080051a4       0x40 CMakeFiles/STM32.dir/Core/Src/ssd1306.c.obj
 .text.SW_I2C_Stop
                0x080051e4       0x38 CMakeFiles/STM32.dir/Core/Src/ssd1306.c.obj
 .text.SW_I2C_WriteByte
                0x0800521c       0x90 CMakeFiles/STM32.dir/Core/Src/ssd1306.c.obj
 .text.SW_I2C_WriteReg
                0x080052ac       0x3a CMakeFiles/STM32.dir/Core/Src/ssd1306.c.obj
                0x080052ac                SW_I2C_WriteReg
 .text.SW_I2C_WriteBuffer
                0x080052e6       0x54 CMakeFiles/STM32.dir/Core/Src/ssd1306.c.obj
                0x080052e6                SW_I2C_WriteBuffer
 *fill*         0x0800533a        0x2 
 .text.ssd1306_Reset
                0x0800533c       0x38 CMakeFiles/STM32.dir/Core/Src/ssd1306.c.obj
                0x0800533c                ssd1306_Reset
 .text.ssd1306_WriteCommand
                0x08005374       0x1e CMakeFiles/STM32.dir/Core/Src/ssd1306.c.obj
                0x08005374                ssd1306_WriteCommand
 .text.ssd1306_WriteData
                0x08005392       0x1e CMakeFiles/STM32.dir/Core/Src/ssd1306.c.obj
                0x08005392                ssd1306_WriteData
 .text.ssd1306_Init
                0x080053b0       0xd4 CMakeFiles/STM32.dir/Core/Src/ssd1306.c.obj
                0x080053b0                ssd1306_Init
 .text.ssd1306_Fill
                0x08005484       0x30 CMakeFiles/STM32.dir/Core/Src/ssd1306.c.obj
                0x08005484                ssd1306_Fill
 .text.ssd1306_UpdateScreen
                0x080054b4       0x50 CMakeFiles/STM32.dir/Core/Src/ssd1306.c.obj
                0x080054b4                ssd1306_UpdateScreen
 .text.ssd1306_DrawPixel
                0x08005504       0xa4 CMakeFiles/STM32.dir/Core/Src/ssd1306.c.obj
                0x08005504                ssd1306_DrawPixel
 .text.ssd1306_WriteChar
                0x080055a8      0x124 CMakeFiles/STM32.dir/Core/Src/ssd1306.c.obj
                0x080055a8                ssd1306_WriteChar
 .text.ssd1306_WriteString
                0x080056cc       0x4c CMakeFiles/STM32.dir/Core/Src/ssd1306.c.obj
                0x080056cc                ssd1306_WriteString
 .text.ssd1306_SetCursor
                0x08005718       0x30 CMakeFiles/STM32.dir/Core/Src/ssd1306.c.obj
                0x08005718                ssd1306_SetCursor
 .text.ssd1306_SetContrast
                0x08005748       0x26 CMakeFiles/STM32.dir/Core/Src/ssd1306.c.obj
                0x08005748                ssd1306_SetContrast
 *fill*         0x0800576e        0x2 
 .text.ssd1306_SetDisplayOn
                0x08005770       0x3c CMakeFiles/STM32.dir/Core/Src/ssd1306.c.obj
                0x08005770                ssd1306_SetDisplayOn
 .text.powf     0x080057ac       0xa8 C:/Program Files (x86)/Arm GNU Toolchain arm-none-eabi/14.2 rel1/bin/../lib/gcc/arm-none-eabi/14.2.1/thumb/v7-m/nofp\libm.a(libm_a-wf_pow.o)
                0x080057ac                powf
 .text.finitef  0x08005854       0x10 C:/Program Files (x86)/Arm GNU Toolchain arm-none-eabi/14.2 rel1/bin/../lib/gcc/arm-none-eabi/14.2.1/thumb/v7-m/nofp\libm.a(libm_a-sf_finite.o)
                0x08005854                finitef
 .text.__ieee754_powf
                0x08005864      0x7c8 C:/Program Files (x86)/Arm GNU Toolchain arm-none-eabi/14.2 rel1/bin/../lib/gcc/arm-none-eabi/14.2.1/thumb/v7-m/nofp\libm.a(libm_a-ef_pow.o)
                0x08005864                __ieee754_powf
 .text.fabsf    0x0800602c        0x8 C:/Program Files (x86)/Arm GNU Toolchain arm-none-eabi/14.2 rel1/bin/../lib/gcc/arm-none-eabi/14.2.1/thumb/v7-m/nofp\libm.a(libm_a-sf_fabs.o)
                0x0800602c                fabsf
 .text.scalbnf  0x08006034       0xb0 C:/Program Files (x86)/Arm GNU Toolchain arm-none-eabi/14.2 rel1/bin/../lib/gcc/arm-none-eabi/14.2.1/thumb/v7-m/nofp\libm.a(libm_a-sf_scalbn.o)
                0x08006034                scalbnf
 .text.with_errnof
                0x080060e4       0x14 C:/Program Files (x86)/Arm GNU Toolchain arm-none-eabi/14.2 rel1/bin/../lib/gcc/arm-none-eabi/14.2.1/thumb/v7-m/nofp\libm.a(libm_a-math_errf.o)
 .text.xflowf   0x080060f8       0x28 C:/Program Files (x86)/Arm GNU Toolchain arm-none-eabi/14.2 rel1/bin/../lib/gcc/arm-none-eabi/14.2.1/thumb/v7-m/nofp\libm.a(libm_a-math_errf.o)
 .text.__math_uflowf
                0x08006120        0x8 C:/Program Files (x86)/Arm GNU Toolchain arm-none-eabi/14.2 rel1/bin/../lib/gcc/arm-none-eabi/14.2.1/thumb/v7-m/nofp\libm.a(libm_a-math_errf.o)
                0x08006120                __math_uflowf
 .text.__math_oflowf
                0x08006128        0x8 C:/Program Files (x86)/Arm GNU Toolchain arm-none-eabi/14.2 rel1/bin/../lib/gcc/arm-none-eabi/14.2.1/thumb/v7-m/nofp\libm.a(libm_a-math_errf.o)
                0x08006128                __math_oflowf
 .text.__ieee754_sqrtf
                0x08006130       0xe4 C:/Program Files (x86)/Arm GNU Toolchain arm-none-eabi/14.2 rel1/bin/../lib/gcc/arm-none-eabi/14.2.1/thumb/v7-m/nofp\libm.a(libm_a-ef_sqrt.o)
                0x08006130                __ieee754_sqrtf
 .text.memset   0x08006214       0x10 C:/Program Files (x86)/Arm GNU Toolchain arm-none-eabi/14.2 rel1/bin/../lib/gcc/arm-none-eabi/14.2.1/thumb/v7-m/nofp\libg_nano.a(libc_a-memset.o)
                0x08006214                memset
 .text.__errno  0x08006224        0xc C:/Program Files (x86)/Arm GNU Toolchain arm-none-eabi/14.2 rel1/bin/../lib/gcc/arm-none-eabi/14.2.1/thumb/v7-m/nofp\libg_nano.a(libc_a-errno.o)
                0x08006224                __errno
 .text.__libc_init_array
                0x08006230       0x48 C:/Program Files (x86)/Arm GNU Toolchain arm-none-eabi/14.2 rel1/bin/../lib/gcc/arm-none-eabi/14.2.1/thumb/v7-m/nofp\libg_nano.a(libc_a-init.o)
                0x08006230                __libc_init_array
 .text.memcpy   0x08006278       0x1c C:/Program Files (x86)/Arm GNU Toolchain arm-none-eabi/14.2 rel1/bin/../lib/gcc/arm-none-eabi/14.2.1/thumb/v7-m/nofp\libg_nano.a(libc_a-memcpy-stub.o)
                0x08006278                memcpy
 *(.glue_7)
 .glue_7        0x08006294        0x0 linker stubs
 *(.glue_7t)
 .glue_7t       0x08006294        0x0 linker stubs
 *(.eh_frame)
 .eh_frame      0x08006294        0x0 C:/Program Files (x86)/Arm GNU Toolchain arm-none-eabi/14.2 rel1/bin/../lib/gcc/arm-none-eabi/14.2.1/thumb/v7-m/nofp/crtbegin.o
 *(.init)
 .init          0x08006294        0x4 C:/Program Files (x86)/Arm GNU Toolchain arm-none-eabi/14.2 rel1/bin/../lib/gcc/arm-none-eabi/14.2.1/thumb/v7-m/nofp/crti.o
                0x08006294                _init
 .init          0x08006298        0x8 C:/Program Files (x86)/Arm GNU Toolchain arm-none-eabi/14.2 rel1/bin/../lib/gcc/arm-none-eabi/14.2.1/thumb/v7-m/nofp/crtn.o
 *(.fini)
 .fini          0x080062a0        0x4 C:/Program Files (x86)/Arm GNU Toolchain arm-none-eabi/14.2 rel1/bin/../lib/gcc/arm-none-eabi/14.2.1/thumb/v7-m/nofp/crti.o
                0x080062a0                _fini
 .fini          0x080062a4        0x8 C:/Program Files (x86)/Arm GNU Toolchain arm-none-eabi/14.2 rel1/bin/../lib/gcc/arm-none-eabi/14.2.1/thumb/v7-m/nofp/crtn.o
                0x080062ac                        . = ALIGN (0x4)
                0x080062ac                        _etext = .

.vfp11_veneer   0x080062ac        0x0
 .vfp11_veneer  0x080062ac        0x0 linker stubs

.v4_bx          0x080062ac        0x0
 .v4_bx         0x080062ac        0x0 linker stubs

.iplt           0x080062ac        0x0
 .iplt          0x080062ac        0x0 C:/Program Files (x86)/Arm GNU Toolchain arm-none-eabi/14.2 rel1/bin/../lib/gcc/arm-none-eabi/14.2.1/thumb/v7-m/nofp/crtbegin.o

.rodata         0x080062ac     0x1864
                0x080062ac                        . = ALIGN (0x4)
 *(.rodata)
 .rodata        0x080062ac      0x33b CMakeFiles/STM32.dir/Core/Src/main.c.obj
 *(.rodata*)
 *fill*         0x080065e7        0x1 
 .rodata.AHBPrescTable
                0x080065e8       0x10 cmake/stm32cubemx/CMakeFiles/STM32_Drivers.dir/__/__/Core/Src/system_stm32f1xx.c.obj
                0x080065e8                AHBPrescTable
 .rodata.APBPrescTable
                0x080065f8        0x8 cmake/stm32cubemx/CMakeFiles/STM32_Drivers.dir/__/__/Core/Src/system_stm32f1xx.c.obj
                0x080065f8                APBPrescTable
 .rodata.aPLLMULFactorTable.1
                0x08006600       0x10 cmake/stm32cubemx/CMakeFiles/STM32_Drivers.dir/__/__/Drivers/STM32F1xx_HAL_Driver/Src/stm32f1xx_hal_rcc.c.obj
 .rodata.aPredivFactorTable.0
                0x08006610        0x2 cmake/stm32cubemx/CMakeFiles/STM32_Drivers.dir/__/__/Drivers/STM32F1xx_HAL_Driver/Src/stm32f1xx_hal_rcc.c.obj
 *fill*         0x08006612        0x2 
 .rodata.aPLLMULFactorTable.1
                0x08006614       0x10 cmake/stm32cubemx/CMakeFiles/STM32_Drivers.dir/__/__/Drivers/STM32F1xx_HAL_Driver/Src/stm32f1xx_hal_rcc_ex.c.obj
 .rodata.aPredivFactorTable.0
                0x08006624        0x2 cmake/stm32cubemx/CMakeFiles/STM32_Drivers.dir/__/__/Drivers/STM32F1xx_HAL_Driver/Src/stm32f1xx_hal_rcc_ex.c.obj
 *fill*         0x08006626        0x2 
 .rodata.Font7x10
                0x08006628      0x76c CMakeFiles/STM32.dir/Core/Src/ssd1306_fonts.c.obj
 .rodata.Font11x18
                0x08006d94      0xd5c CMakeFiles/STM32.dir/Core/Src/ssd1306_fonts.c.obj
 .rodata.Font_7x10
                0x08007af0        0xc CMakeFiles/STM32.dir/Core/Src/ssd1306_fonts.c.obj
                0x08007af0                Font_7x10
 .rodata.Font_11x18
                0x08007afc        0xc CMakeFiles/STM32.dir/Core/Src/ssd1306_fonts.c.obj
                0x08007afc                Font_11x18
 .rodata.tiny   0x08007b08        0x4 C:/Program Files (x86)/Arm GNU Toolchain arm-none-eabi/14.2 rel1/bin/../lib/gcc/arm-none-eabi/14.2.1/thumb/v7-m/nofp\libm.a(libm_a-ef_sqrt.o)
 .rodata.one    0x08007b0c        0x4 C:/Program Files (x86)/Arm GNU Toolchain arm-none-eabi/14.2 rel1/bin/../lib/gcc/arm-none-eabi/14.2.1/thumb/v7-m/nofp\libm.a(libm_a-ef_sqrt.o)
                0x08007b10                        . = ALIGN (0x4)

.ARM.extab      0x08007b10        0x0
                0x08007b10                        . = ALIGN (0x4)
 *(.ARM.extab* .gnu.linkonce.armextab.*)
                0x08007b10                        . = ALIGN (0x4)

.ARM            0x08007b10        0x8
                0x08007b10                        . = ALIGN (0x4)
                0x08007b10                        __exidx_start = .
 *(.ARM.exidx*)
 .ARM.exidx     0x08007b10        0x8 C:/Program Files (x86)/Arm GNU Toolchain arm-none-eabi/14.2 rel1/bin/../lib/gcc/arm-none-eabi/14.2.1/thumb/v7-m/nofp\libg_nano.a(libc_a-strlen.o)
                0x08007b18                        __exidx_end = .
                0x08007b18                        . = ALIGN (0x4)

.preinit_array  0x08007b18        0x0
                0x08007b18                        . = ALIGN (0x4)
                0x08007b18                        PROVIDE (__preinit_array_start = .)
 *(.preinit_array*)
                0x08007b18                        PROVIDE (__preinit_array_end = .)
                0x08007b18                        . = ALIGN (0x4)

.init_array     0x08007b18        0x4
                0x08007b18                        . = ALIGN (0x4)
                0x08007b18                        PROVIDE (__init_array_start = .)
 *(SORT_BY_NAME(.init_array.*))
 *(.init_array*)
 .init_array    0x08007b18        0x4 C:/Program Files (x86)/Arm GNU Toolchain arm-none-eabi/14.2 rel1/bin/../lib/gcc/arm-none-eabi/14.2.1/thumb/v7-m/nofp/crtbegin.o
                0x08007b1c                        PROVIDE (__init_array_end = .)
                0x08007b1c                        . = ALIGN (0x4)

.fini_array     0x08007b1c        0x4
                0x08007b1c                        . = ALIGN (0x4)
                [!provide]                        PROVIDE (__fini_array_start = .)
 *(SORT_BY_NAME(.fini_array.*))
 *(.fini_array*)
 .fini_array    0x08007b1c        0x4 C:/Program Files (x86)/Arm GNU Toolchain arm-none-eabi/14.2 rel1/bin/../lib/gcc/arm-none-eabi/14.2.1/thumb/v7-m/nofp/crtbegin.o
                [!provide]                        PROVIDE (__fini_array_end = .)
                0x08007b20                        . = ALIGN (0x4)
                0x08007b20                        _sidata = LOADADDR (.data)

.rel.dyn        0x08007b20        0x0
 .rel.iplt      0x08007b20        0x0 C:/Program Files (x86)/Arm GNU Toolchain arm-none-eabi/14.2 rel1/bin/../lib/gcc/arm-none-eabi/14.2.1/thumb/v7-m/nofp/crtbegin.o

.data           0x20000000       0x5c load address 0x08007b20
                0x20000000                        . = ALIGN (0x4)
                0x20000000                        _sdata = .
 *(.data)
 *(.data*)
 .data.SystemCoreClock
                0x20000000        0x4 cmake/stm32cubemx/CMakeFiles/STM32_Drivers.dir/__/__/Core/Src/system_stm32f1xx.c.obj
                0x20000000                SystemCoreClock
 .data.uwTickPrio
                0x20000004        0x4 cmake/stm32cubemx/CMakeFiles/STM32_Drivers.dir/__/__/Drivers/STM32F1xx_HAL_Driver/Src/stm32f1xx_hal.c.obj
                0x20000004                uwTickPrio
 .data.uwTickFreq
                0x20000008        0x1 cmake/stm32cubemx/CMakeFiles/STM32_Drivers.dir/__/__/Drivers/STM32F1xx_HAL_Driver/Src/stm32f1xx_hal.c.obj
                0x20000008                uwTickFreq
 .data.mode_changed_flag
                0x20000009        0x1 CMakeFiles/STM32.dir/Core/Src/main.c.obj
                0x20000009                mode_changed_flag
 *fill*         0x2000000a        0x2 
 .data._impure_ptr
                0x2000000c        0x4 C:/Program Files (x86)/Arm GNU Toolchain arm-none-eabi/14.2 rel1/bin/../lib/gcc/arm-none-eabi/14.2.1/thumb/v7-m/nofp\libg_nano.a(libc_a-impure.o)
                0x2000000c                _impure_ptr
 .data._impure_data
                0x20000010       0x4c C:/Program Files (x86)/Arm GNU Toolchain arm-none-eabi/14.2 rel1/bin/../lib/gcc/arm-none-eabi/14.2.1/thumb/v7-m/nofp\libg_nano.a(libc_a-impure.o)
                0x20000010                _impure_data
 *(.RamFunc)
 *(.RamFunc*)
                0x2000005c                        . = ALIGN (0x4)

.tm_clone_table
                0x2000005c        0x0 load address 0x08007b7c
 .tm_clone_table
                0x2000005c        0x0 C:/Program Files (x86)/Arm GNU Toolchain arm-none-eabi/14.2 rel1/bin/../lib/gcc/arm-none-eabi/14.2.1/thumb/v7-m/nofp/crtbegin.o
 .tm_clone_table
                0x2000005c        0x0 C:/Program Files (x86)/Arm GNU Toolchain arm-none-eabi/14.2 rel1/bin/../lib/gcc/arm-none-eabi/14.2.1/thumb/v7-m/nofp/crtend.o

.igot.plt       0x2000005c        0x0 load address 0x08007b7c
 .igot.plt      0x2000005c        0x0 C:/Program Files (x86)/Arm GNU Toolchain arm-none-eabi/14.2 rel1/bin/../lib/gcc/arm-none-eabi/14.2.1/thumb/v7-m/nofp/crtbegin.o

.tdata          0x2000005c        0x0 load address 0x08007b7c
 *(.tdata .tdata.* .gnu.linkonce.td.*)
                0x2000005c                        . = ALIGN (0x4)
                0x2000005c                        _edata = .
                [!provide]                        PROVIDE (__data_end = .)
                [!provide]                        PROVIDE (__tdata_end = .)
                [!provide]                        PROVIDE (__tdata_start = ADDR (.tdata))
                [!provide]                        PROVIDE (__tdata_size = (__tdata_end - __tdata_start))
                [!provide]                        PROVIDE (__data_start = ADDR (.data))
                [!provide]                        PROVIDE (__data_size = (__data_end - __data_start))
                [!provide]                        PROVIDE (__tdata_source = LOADADDR (.tdata))
                [!provide]                        PROVIDE (__tdata_source_end = (LOADADDR (.tdata) + SIZEOF (.tdata)))
                [!provide]                        PROVIDE (__tdata_source_size = (__tdata_source_end - __tdata_source))
                [!provide]                        PROVIDE (__data_source = LOADADDR (.data))
                [!provide]                        PROVIDE (__data_source_end = __tdata_source_end)
                [!provide]                        PROVIDE (__data_source_size = (__data_source_end - __data_source))

.tbss           0x2000005c        0x0 load address 0x08007b7c
                0x2000005c                        _sbss = .
                0x2000005c                        __bss_start__ = _sbss
 *(.tbss .tbss.*)
                0x2000005c                        . = ALIGN (0x4)
                [!provide]                        PROVIDE (__tbss_end = .)
                [!provide]                        PROVIDE (__tbss_start = ADDR (.tbss))
                [!provide]                        PROVIDE (__tbss_size = (__tbss_end - __tbss_start))
                [!provide]                        PROVIDE (__tbss_offset = (ADDR (.tbss) - ADDR (.tdata)))
                [!provide]                        PROVIDE (__tls_base = __tdata_start)
                [!provide]                        PROVIDE (__tls_end = __tbss_end)
                [!provide]                        PROVIDE (__tls_size = (__tls_end - __tls_base))
                [!provide]                        PROVIDE (__tls_align = MAX (ALIGNOF (.tdata), ALIGNOF (.tbss)))
                [!provide]                        PROVIDE (__tls_size_align = (((__tls_size + __tls_align) - 0x1) & ~ ((__tls_align - 0x1))))
                [!provide]                        PROVIDE (__arm32_tls_tcb_offset = MAX (0x8, __tls_align))
                [!provide]                        PROVIDE (__arm64_tls_tcb_offset = MAX (0x10, __tls_align))

.bss            0x2000005c      0x6c8 load address 0x08007b7c
 *(.bss)
 *(.bss*)
 .bss.completed.1
                0x2000005c        0x1 C:/Program Files (x86)/Arm GNU Toolchain arm-none-eabi/14.2 rel1/bin/../lib/gcc/arm-none-eabi/14.2.1/thumb/v7-m/nofp/crtbegin.o
 *fill*         0x2000005d        0x3 
 .bss.object.0  0x20000060       0x18 C:/Program Files (x86)/Arm GNU Toolchain arm-none-eabi/14.2 rel1/bin/../lib/gcc/arm-none-eabi/14.2.1/thumb/v7-m/nofp/crtbegin.o
 .bss.uwTick    0x20000078        0x4 cmake/stm32cubemx/CMakeFiles/STM32_Drivers.dir/__/__/Drivers/STM32F1xx_HAL_Driver/Src/stm32f1xx_hal.c.obj
                0x20000078                uwTick
 .bss.hadc1     0x2000007c       0x30 CMakeFiles/STM32.dir/Core/Src/main.c.obj
                0x2000007c                hadc1
 .bss.hi2c1     0x200000ac       0x54 CMakeFiles/STM32.dir/Core/Src/main.c.obj
                0x200000ac                hi2c1
 .bss.htim2     0x20000100       0x48 CMakeFiles/STM32.dir/Core/Src/main.c.obj
                0x20000100                htim2
 .bss.htim3     0x20000148       0x48 CMakeFiles/STM32.dir/Core/Src/main.c.obj
                0x20000148                htim3
 .bss.huart1    0x20000190       0x48 CMakeFiles/STM32.dir/Core/Src/main.c.obj
                0x20000190                huart1
 .bss.current_state
                0x200001d8        0x1 CMakeFiles/STM32.dir/Core/Src/main.c.obj
                0x200001d8                current_state
 .bss.timer_pressed_flag
                0x200001d9        0x1 CMakeFiles/STM32.dir/Core/Src/main.c.obj
                0x200001d9                timer_pressed_flag
 .bss.rx_byte   0x200001da        0x1 CMakeFiles/STM32.dir/Core/Src/main.c.obj
                0x200001da                rx_byte
 *fill*         0x200001db        0x1 
 .bss.last_pb12_time.1
                0x200001dc        0x4 CMakeFiles/STM32.dir/Core/Src/main.c.obj
 .bss.last_pb13_time.0
                0x200001e0        0x4 CMakeFiles/STM32.dir/Core/Src/main.c.obj
 .bss.SSD1306_Buffer
                0x200001e4      0x400 CMakeFiles/STM32.dir/Core/Src/ssd1306.c.obj
 .bss.SSD1306   0x200005e4        0x6 CMakeFiles/STM32.dir/Core/Src/ssd1306.c.obj
 *fill*         0x200005ea        0x2 
 .bss.__sf      0x200005ec      0x138 C:/Program Files (x86)/Arm GNU Toolchain arm-none-eabi/14.2 rel1/bin/../lib/gcc/arm-none-eabi/14.2.1/thumb/v7-m/nofp\libg_nano.a(libc_a-findfp.o)
                0x200005ec                __sf
 *(COMMON)
                0x20000724                        . = ALIGN (0x4)
                0x20000724                        _ebss = .
                0x20000724                        __bss_end__ = _ebss
                [!provide]                        PROVIDE (__bss_end = .)
                [!provide]                        PROVIDE (__non_tls_bss_start = ADDR (.bss))
                [!provide]                        PROVIDE (__bss_start = __tbss_start)
                [!provide]                        PROVIDE (__bss_size = (__bss_end - __bss_start))

._user_heap_stack
                0x20000724      0x604 load address 0x08007b7c
                0x20000728                        . = ALIGN (0x8)
 *fill*         0x20000724        0x4 
                [!provide]                        PROVIDE (end = .)
                0x20000728                        PROVIDE (_end = .)
                0x20000928                        . = (. + _Min_Heap_Size)
 *fill*         0x20000728      0x200 
                0x20000d28                        . = (. + _Min_Stack_Size)
 *fill*         0x20000928      0x400 
                0x20000d28                        . = ALIGN (0x8)

/DISCARD/
 libc.a:*(*)
 libm.a:*(*)
 libgcc.a:*(*)
OUTPUT(STM32.elf elf32-littlearm)
LOAD linker stubs

.ARM.attributes
                0x00000000       0x29
 .ARM.attributes
                0x00000000       0x1d C:/Program Files (x86)/Arm GNU Toolchain arm-none-eabi/14.2 rel1/bin/../lib/gcc/arm-none-eabi/14.2.1/thumb/v7-m/nofp/crti.o
 .ARM.attributes
                0x0000001d       0x2d C:/Program Files (x86)/Arm GNU Toolchain arm-none-eabi/14.2 rel1/bin/../lib/gcc/arm-none-eabi/14.2.1/thumb/v7-m/nofp/crtbegin.o
 .ARM.attributes
                0x0000004a       0x2d cmake/stm32cubemx/CMakeFiles/STM32_Drivers.dir/__/__/Core/Src/system_stm32f1xx.c.obj
 .ARM.attributes
                0x00000077       0x2d cmake/stm32cubemx/CMakeFiles/STM32_Drivers.dir/__/__/Drivers/STM32F1xx_HAL_Driver/Src/stm32f1xx_hal_adc.c.obj
 .ARM.attributes
                0x000000a4       0x2d cmake/stm32cubemx/CMakeFiles/STM32_Drivers.dir/__/__/Drivers/STM32F1xx_HAL_Driver/Src/stm32f1xx_hal.c.obj
 .ARM.attributes
                0x000000d1       0x2d cmake/stm32cubemx/CMakeFiles/STM32_Drivers.dir/__/__/Drivers/STM32F1xx_HAL_Driver/Src/stm32f1xx_hal_rcc.c.obj
 .ARM.attributes
                0x000000fe       0x2d cmake/stm32cubemx/CMakeFiles/STM32_Drivers.dir/__/__/Drivers/STM32F1xx_HAL_Driver/Src/stm32f1xx_hal_rcc_ex.c.obj
 .ARM.attributes
                0x0000012b       0x2d cmake/stm32cubemx/CMakeFiles/STM32_Drivers.dir/__/__/Drivers/STM32F1xx_HAL_Driver/Src/stm32f1xx_hal_gpio.c.obj
 .ARM.attributes
                0x00000158       0x2d cmake/stm32cubemx/CMakeFiles/STM32_Drivers.dir/__/__/Drivers/STM32F1xx_HAL_Driver/Src/stm32f1xx_hal_dma.c.obj
 .ARM.attributes
                0x00000185       0x2d cmake/stm32cubemx/CMakeFiles/STM32_Drivers.dir/__/__/Drivers/STM32F1xx_HAL_Driver/Src/stm32f1xx_hal_cortex.c.obj
 .ARM.attributes
                0x000001b2       0x2d cmake/stm32cubemx/CMakeFiles/STM32_Drivers.dir/__/__/Drivers/STM32F1xx_HAL_Driver/Src/stm32f1xx_hal_i2c.c.obj
 .ARM.attributes
                0x000001df       0x2d cmake/stm32cubemx/CMakeFiles/STM32_Drivers.dir/__/__/Drivers/STM32F1xx_HAL_Driver/Src/stm32f1xx_hal_tim.c.obj
 .ARM.attributes
                0x0000020c       0x2d cmake/stm32cubemx/CMakeFiles/STM32_Drivers.dir/__/__/Drivers/STM32F1xx_HAL_Driver/Src/stm32f1xx_hal_tim_ex.c.obj
 .ARM.attributes
                0x00000239       0x2d cmake/stm32cubemx/CMakeFiles/STM32_Drivers.dir/__/__/Drivers/STM32F1xx_HAL_Driver/Src/stm32f1xx_hal_uart.c.obj
 .ARM.attributes
                0x00000266       0x2d CMakeFiles/STM32.dir/Core/Src/main.c.obj
 .ARM.attributes
                0x00000293       0x2d CMakeFiles/STM32.dir/Core/Src/stm32f1xx_it.c.obj
 .ARM.attributes
                0x000002c0       0x2d CMakeFiles/STM32.dir/Core/Src/stm32f1xx_hal_msp.c.obj
 .ARM.attributes
                0x000002ed       0x21 CMakeFiles/STM32.dir/startup_stm32f103xb.s.obj
 .ARM.attributes
                0x0000030e       0x2d CMakeFiles/STM32.dir/Core/Src/ssd1306.c.obj
 .ARM.attributes
                0x0000033b       0x2d CMakeFiles/STM32.dir/Core/Src/ssd1306_fonts.c.obj
 .ARM.attributes
                0x00000368       0x2d C:/Program Files (x86)/Arm GNU Toolchain arm-none-eabi/14.2 rel1/bin/../lib/gcc/arm-none-eabi/14.2.1/thumb/v7-m/nofp\libm.a(libm_a-wf_pow.o)
 .ARM.attributes
                0x00000395       0x2d C:/Program Files (x86)/Arm GNU Toolchain arm-none-eabi/14.2 rel1/bin/../lib/gcc/arm-none-eabi/14.2.1/thumb/v7-m/nofp\libm.a(libm_a-sf_finite.o)
 .ARM.attributes
                0x000003c2       0x2d C:/Program Files (x86)/Arm GNU Toolchain arm-none-eabi/14.2 rel1/bin/../lib/gcc/arm-none-eabi/14.2.1/thumb/v7-m/nofp\libm.a(libm_a-ef_pow.o)
 .ARM.attributes
                0x000003ef       0x2d C:/Program Files (x86)/Arm GNU Toolchain arm-none-eabi/14.2 rel1/bin/../lib/gcc/arm-none-eabi/14.2.1/thumb/v7-m/nofp\libm.a(libm_a-sf_fabs.o)
 .ARM.attributes
                0x0000041c       0x2d C:/Program Files (x86)/Arm GNU Toolchain arm-none-eabi/14.2 rel1/bin/../lib/gcc/arm-none-eabi/14.2.1/thumb/v7-m/nofp\libm.a(libm_a-sf_scalbn.o)
 .ARM.attributes
                0x00000449       0x2d C:/Program Files (x86)/Arm GNU Toolchain arm-none-eabi/14.2 rel1/bin/../lib/gcc/arm-none-eabi/14.2.1/thumb/v7-m/nofp\libm.a(libm_a-math_errf.o)
 .ARM.attributes
                0x00000476       0x2d C:/Program Files (x86)/Arm GNU Toolchain arm-none-eabi/14.2 rel1/bin/../lib/gcc/arm-none-eabi/14.2.1/thumb/v7-m/nofp\libm.a(libm_a-ef_sqrt.o)
 .ARM.attributes
                0x000004a3       0x1d C:/Program Files (x86)/Arm GNU Toolchain arm-none-eabi/14.2 rel1/bin/../lib/gcc/arm-none-eabi/14.2.1/thumb/v7-m/nofp\libgcc.a(_arm_addsubsf3.o)
 .ARM.attributes
                0x000004c0       0x1d C:/Program Files (x86)/Arm GNU Toolchain arm-none-eabi/14.2 rel1/bin/../lib/gcc/arm-none-eabi/14.2.1/thumb/v7-m/nofp\libgcc.a(_arm_muldivsf3.o)
 .ARM.attributes
                0x000004dd       0x1d C:/Program Files (x86)/Arm GNU Toolchain arm-none-eabi/14.2 rel1/bin/../lib/gcc/arm-none-eabi/14.2.1/thumb/v7-m/nofp\libgcc.a(_arm_cmpsf2.o)
 .ARM.attributes
                0x000004fa       0x1d C:/Program Files (x86)/Arm GNU Toolchain arm-none-eabi/14.2 rel1/bin/../lib/gcc/arm-none-eabi/14.2.1/thumb/v7-m/nofp\libgcc.a(_arm_unordsf2.o)
 .ARM.attributes
                0x00000517       0x1d C:/Program Files (x86)/Arm GNU Toolchain arm-none-eabi/14.2 rel1/bin/../lib/gcc/arm-none-eabi/14.2.1/thumb/v7-m/nofp\libgcc.a(_arm_fixunssfsi.o)
 .ARM.attributes
                0x00000534       0x2d C:/Program Files (x86)/Arm GNU Toolchain arm-none-eabi/14.2 rel1/bin/../lib/gcc/arm-none-eabi/14.2.1/thumb/v7-m/nofp\libg_nano.a(libc_a-findfp.o)
 .ARM.attributes
                0x00000561       0x2d C:/Program Files (x86)/Arm GNU Toolchain arm-none-eabi/14.2 rel1/bin/../lib/gcc/arm-none-eabi/14.2.1/thumb/v7-m/nofp\libg_nano.a(libc_a-memset.o)
 .ARM.attributes
                0x0000058e       0x2d C:/Program Files (x86)/Arm GNU Toolchain arm-none-eabi/14.2 rel1/bin/../lib/gcc/arm-none-eabi/14.2.1/thumb/v7-m/nofp\libg_nano.a(libc_a-impure.o)
 .ARM.attributes
                0x000005bb       0x2d C:/Program Files (x86)/Arm GNU Toolchain arm-none-eabi/14.2 rel1/bin/../lib/gcc/arm-none-eabi/14.2.1/thumb/v7-m/nofp\libg_nano.a(libc_a-errno.o)
 .ARM.attributes
                0x000005e8       0x2d C:/Program Files (x86)/Arm GNU Toolchain arm-none-eabi/14.2 rel1/bin/../lib/gcc/arm-none-eabi/14.2.1/thumb/v7-m/nofp\libg_nano.a(libc_a-init.o)
 .ARM.attributes
                0x00000615       0x2d C:/Program Files (x86)/Arm GNU Toolchain arm-none-eabi/14.2 rel1/bin/../lib/gcc/arm-none-eabi/14.2.1/thumb/v7-m/nofp\libg_nano.a(libc_a-memcpy-stub.o)
 .ARM.attributes
                0x00000642       0x17 C:/Program Files (x86)/Arm GNU Toolchain arm-none-eabi/14.2 rel1/bin/../lib/gcc/arm-none-eabi/14.2.1/thumb/v7-m/nofp\libg_nano.a(libc_a-strlen.o)
 .ARM.attributes
                0x00000659       0x2d C:/Program Files (x86)/Arm GNU Toolchain arm-none-eabi/14.2 rel1/bin/../lib/gcc/arm-none-eabi/14.2.1/thumb/v7-m/nofp/crtend.o
 .ARM.attributes
                0x00000686       0x1d C:/Program Files (x86)/Arm GNU Toolchain arm-none-eabi/14.2 rel1/bin/../lib/gcc/arm-none-eabi/14.2.1/thumb/v7-m/nofp/crtn.o

.comment        0x00000000       0x45
 .comment       0x00000000       0x45 cmake/stm32cubemx/CMakeFiles/STM32_Drivers.dir/__/__/Core/Src/system_stm32f1xx.c.obj
                                 0x46 (size before relaxing)
 .comment       0x00000045       0x46 cmake/stm32cubemx/CMakeFiles/STM32_Drivers.dir/__/__/Drivers/STM32F1xx_HAL_Driver/Src/stm32f1xx_hal_adc.c.obj
 .comment       0x00000045       0x46 cmake/stm32cubemx/CMakeFiles/STM32_Drivers.dir/__/__/Drivers/STM32F1xx_HAL_Driver/Src/stm32f1xx_hal.c.obj
 .comment       0x00000045       0x46 cmake/stm32cubemx/CMakeFiles/STM32_Drivers.dir/__/__/Drivers/STM32F1xx_HAL_Driver/Src/stm32f1xx_hal_rcc.c.obj
 .comment       0x00000045       0x46 cmake/stm32cubemx/CMakeFiles/STM32_Drivers.dir/__/__/Drivers/STM32F1xx_HAL_Driver/Src/stm32f1xx_hal_rcc_ex.c.obj
 .comment       0x00000045       0x46 cmake/stm32cubemx/CMakeFiles/STM32_Drivers.dir/__/__/Drivers/STM32F1xx_HAL_Driver/Src/stm32f1xx_hal_gpio.c.obj
 .comment       0x00000045       0x46 cmake/stm32cubemx/CMakeFiles/STM32_Drivers.dir/__/__/Drivers/STM32F1xx_HAL_Driver/Src/stm32f1xx_hal_dma.c.obj
 .comment       0x00000045       0x46 cmake/stm32cubemx/CMakeFiles/STM32_Drivers.dir/__/__/Drivers/STM32F1xx_HAL_Driver/Src/stm32f1xx_hal_cortex.c.obj
 .comment       0x00000045       0x46 cmake/stm32cubemx/CMakeFiles/STM32_Drivers.dir/__/__/Drivers/STM32F1xx_HAL_Driver/Src/stm32f1xx_hal_i2c.c.obj
 .comment       0x00000045       0x46 cmake/stm32cubemx/CMakeFiles/STM32_Drivers.dir/__/__/Drivers/STM32F1xx_HAL_Driver/Src/stm32f1xx_hal_tim.c.obj
 .comment       0x00000045       0x46 cmake/stm32cubemx/CMakeFiles/STM32_Drivers.dir/__/__/Drivers/STM32F1xx_HAL_Driver/Src/stm32f1xx_hal_tim_ex.c.obj
 .comment       0x00000045       0x46 cmake/stm32cubemx/CMakeFiles/STM32_Drivers.dir/__/__/Drivers/STM32F1xx_HAL_Driver/Src/stm32f1xx_hal_uart.c.obj
 .comment       0x00000045       0x46 CMakeFiles/STM32.dir/Core/Src/main.c.obj
 .comment       0x00000045       0x46 CMakeFiles/STM32.dir/Core/Src/stm32f1xx_it.c.obj
 .comment       0x00000045       0x46 CMakeFiles/STM32.dir/Core/Src/stm32f1xx_hal_msp.c.obj
 .comment       0x00000045       0x46 CMakeFiles/STM32.dir/Core/Src/ssd1306.c.obj
 .comment       0x00000045       0x46 CMakeFiles/STM32.dir/Core/Src/ssd1306_fonts.c.obj

.debug_info     0x00000000    0x115b2
 .debug_info    0x00000000      0x222 cmake/stm32cubemx/CMakeFiles/STM32_Drivers.dir/__/__/Core/Src/system_stm32f1xx.c.obj
 .debug_info    0x00000222      0xc50 cmake/stm32cubemx/CMakeFiles/STM32_Drivers.dir/__/__/Drivers/STM32F1xx_HAL_Driver/Src/stm32f1xx_hal_adc.c.obj
 .debug_info    0x00000e72      0x704 cmake/stm32cubemx/CMakeFiles/STM32_Drivers.dir/__/__/Drivers/STM32F1xx_HAL_Driver/Src/stm32f1xx_hal.c.obj
 .debug_info    0x00001576      0x7d5 cmake/stm32cubemx/CMakeFiles/STM32_Drivers.dir/__/__/Drivers/STM32F1xx_HAL_Driver/Src/stm32f1xx_hal_rcc.c.obj
 .debug_info    0x00001d4b      0x3c0 cmake/stm32cubemx/CMakeFiles/STM32_Drivers.dir/__/__/Drivers/STM32F1xx_HAL_Driver/Src/stm32f1xx_hal_rcc_ex.c.obj
 .debug_info    0x0000210b      0x5ab cmake/stm32cubemx/CMakeFiles/STM32_Drivers.dir/__/__/Drivers/STM32F1xx_HAL_Driver/Src/stm32f1xx_hal_gpio.c.obj
 .debug_info    0x000026b6      0x6d2 cmake/stm32cubemx/CMakeFiles/STM32_Drivers.dir/__/__/Drivers/STM32F1xx_HAL_Driver/Src/stm32f1xx_hal_dma.c.obj
 .debug_info    0x00002d88      0xa87 cmake/stm32cubemx/CMakeFiles/STM32_Drivers.dir/__/__/Drivers/STM32F1xx_HAL_Driver/Src/stm32f1xx_hal_cortex.c.obj
 .debug_info    0x0000380f     0x2524 cmake/stm32cubemx/CMakeFiles/STM32_Drivers.dir/__/__/Drivers/STM32F1xx_HAL_Driver/Src/stm32f1xx_hal_i2c.c.obj
 .debug_info    0x00005d33     0x2959 cmake/stm32cubemx/CMakeFiles/STM32_Drivers.dir/__/__/Drivers/STM32F1xx_HAL_Driver/Src/stm32f1xx_hal_tim.c.obj
 .debug_info    0x0000868c     0x149b cmake/stm32cubemx/CMakeFiles/STM32_Drivers.dir/__/__/Drivers/STM32F1xx_HAL_Driver/Src/stm32f1xx_hal_tim_ex.c.obj
 .debug_info    0x00009b27     0x2eed cmake/stm32cubemx/CMakeFiles/STM32_Drivers.dir/__/__/Drivers/STM32F1xx_HAL_Driver/Src/stm32f1xx_hal_uart.c.obj
 .debug_info    0x0000ca14     0x1c68 CMakeFiles/STM32.dir/Core/Src/main.c.obj
 .debug_info    0x0000e67c      0x96e CMakeFiles/STM32.dir/Core/Src/stm32f1xx_it.c.obj
 .debug_info    0x0000efea     0x137d CMakeFiles/STM32.dir/Core/Src/stm32f1xx_hal_msp.c.obj
 .debug_info    0x00010367       0x30 CMakeFiles/STM32.dir/startup_stm32f103xb.s.obj
 .debug_info    0x00010397      0xf77 CMakeFiles/STM32.dir/Core/Src/ssd1306.c.obj
 .debug_info    0x0001130e      0x2a4 CMakeFiles/STM32.dir/Core/Src/ssd1306_fonts.c.obj

.debug_abbrev   0x00000000     0x264d
 .debug_abbrev  0x00000000      0x13f cmake/stm32cubemx/CMakeFiles/STM32_Drivers.dir/__/__/Core/Src/system_stm32f1xx.c.obj
 .debug_abbrev  0x0000013f      0x225 cmake/stm32cubemx/CMakeFiles/STM32_Drivers.dir/__/__/Drivers/STM32F1xx_HAL_Driver/Src/stm32f1xx_hal_adc.c.obj
 .debug_abbrev  0x00000364      0x201 cmake/stm32cubemx/CMakeFiles/STM32_Drivers.dir/__/__/Drivers/STM32F1xx_HAL_Driver/Src/stm32f1xx_hal.c.obj
 .debug_abbrev  0x00000565      0x2b3 cmake/stm32cubemx/CMakeFiles/STM32_Drivers.dir/__/__/Drivers/STM32F1xx_HAL_Driver/Src/stm32f1xx_hal_rcc.c.obj
 .debug_abbrev  0x00000818      0x188 cmake/stm32cubemx/CMakeFiles/STM32_Drivers.dir/__/__/Drivers/STM32F1xx_HAL_Driver/Src/stm32f1xx_hal_rcc_ex.c.obj
 .debug_abbrev  0x000009a0      0x1ca cmake/stm32cubemx/CMakeFiles/STM32_Drivers.dir/__/__/Drivers/STM32F1xx_HAL_Driver/Src/stm32f1xx_hal_gpio.c.obj
 .debug_abbrev  0x00000b6a      0x20b cmake/stm32cubemx/CMakeFiles/STM32_Drivers.dir/__/__/Drivers/STM32F1xx_HAL_Driver/Src/stm32f1xx_hal_dma.c.obj
 .debug_abbrev  0x00000d75      0x2f8 cmake/stm32cubemx/CMakeFiles/STM32_Drivers.dir/__/__/Drivers/STM32F1xx_HAL_Driver/Src/stm32f1xx_hal_cortex.c.obj
 .debug_abbrev  0x0000106d      0x2a3 cmake/stm32cubemx/CMakeFiles/STM32_Drivers.dir/__/__/Drivers/STM32F1xx_HAL_Driver/Src/stm32f1xx_hal_i2c.c.obj
 .debug_abbrev  0x00001310      0x277 cmake/stm32cubemx/CMakeFiles/STM32_Drivers.dir/__/__/Drivers/STM32F1xx_HAL_Driver/Src/stm32f1xx_hal_tim.c.obj
 .debug_abbrev  0x00001587      0x282 cmake/stm32cubemx/CMakeFiles/STM32_Drivers.dir/__/__/Drivers/STM32F1xx_HAL_Driver/Src/stm32f1xx_hal_tim_ex.c.obj
 .debug_abbrev  0x00001809      0x2f8 cmake/stm32cubemx/CMakeFiles/STM32_Drivers.dir/__/__/Drivers/STM32F1xx_HAL_Driver/Src/stm32f1xx_hal_uart.c.obj
 .debug_abbrev  0x00001b01      0x31d CMakeFiles/STM32.dir/Core/Src/main.c.obj
 .debug_abbrev  0x00001e1e      0x1b0 CMakeFiles/STM32.dir/Core/Src/stm32f1xx_it.c.obj
 .debug_abbrev  0x00001fce      0x21e CMakeFiles/STM32.dir/Core/Src/stm32f1xx_hal_msp.c.obj
 .debug_abbrev  0x000021ec       0x24 CMakeFiles/STM32.dir/startup_stm32f103xb.s.obj
 .debug_abbrev  0x00002210      0x36e CMakeFiles/STM32.dir/Core/Src/ssd1306.c.obj
 .debug_abbrev  0x0000257e       0xcf CMakeFiles/STM32.dir/Core/Src/ssd1306_fonts.c.obj

.debug_aranges  0x00000000     0x1128
 .debug_aranges
                0x00000000       0x28 cmake/stm32cubemx/CMakeFiles/STM32_Drivers.dir/__/__/Core/Src/system_stm32f1xx.c.obj
 .debug_aranges
                0x00000028       0xf0 cmake/stm32cubemx/CMakeFiles/STM32_Drivers.dir/__/__/Drivers/STM32F1xx_HAL_Driver/Src/stm32f1xx_hal_adc.c.obj
 .debug_aranges
                0x00000118       0xe0 cmake/stm32cubemx/CMakeFiles/STM32_Drivers.dir/__/__/Drivers/STM32F1xx_HAL_Driver/Src/stm32f1xx_hal.c.obj
 .debug_aranges
                0x000001f8       0x90 cmake/stm32cubemx/CMakeFiles/STM32_Drivers.dir/__/__/Drivers/STM32F1xx_HAL_Driver/Src/stm32f1xx_hal_rcc.c.obj
 .debug_aranges
                0x00000288       0x30 cmake/stm32cubemx/CMakeFiles/STM32_Drivers.dir/__/__/Drivers/STM32F1xx_HAL_Driver/Src/stm32f1xx_hal_rcc_ex.c.obj
 .debug_aranges
                0x000002b8       0x58 cmake/stm32cubemx/CMakeFiles/STM32_Drivers.dir/__/__/Drivers/STM32F1xx_HAL_Driver/Src/stm32f1xx_hal_gpio.c.obj
 .debug_aranges
                0x00000310       0x80 cmake/stm32cubemx/CMakeFiles/STM32_Drivers.dir/__/__/Drivers/STM32F1xx_HAL_Driver/Src/stm32f1xx_hal_dma.c.obj
 .debug_aranges
                0x00000390      0x100 cmake/stm32cubemx/CMakeFiles/STM32_Drivers.dir/__/__/Drivers/STM32F1xx_HAL_Driver/Src/stm32f1xx_hal_cortex.c.obj
 .debug_aranges
                0x00000490      0x2a8 cmake/stm32cubemx/CMakeFiles/STM32_Drivers.dir/__/__/Drivers/STM32F1xx_HAL_Driver/Src/stm32f1xx_hal_i2c.c.obj
 .debug_aranges
                0x00000738      0x3d0 cmake/stm32cubemx/CMakeFiles/STM32_Drivers.dir/__/__/Drivers/STM32F1xx_HAL_Driver/Src/stm32f1xx_hal_tim.c.obj
 .debug_aranges
                0x00000b08      0x168 cmake/stm32cubemx/CMakeFiles/STM32_Drivers.dir/__/__/Drivers/STM32F1xx_HAL_Driver/Src/stm32f1xx_hal_tim_ex.c.obj
 .debug_aranges
                0x00000c70      0x208 cmake/stm32cubemx/CMakeFiles/STM32_Drivers.dir/__/__/Drivers/STM32F1xx_HAL_Driver/Src/stm32f1xx_hal_uart.c.obj
 .debug_aranges
                0x00000e78       0x78 CMakeFiles/STM32.dir/Core/Src/main.c.obj
 .debug_aranges
                0x00000ef0       0x78 CMakeFiles/STM32.dir/Core/Src/stm32f1xx_it.c.obj
 .debug_aranges
                0x00000f68       0x68 CMakeFiles/STM32.dir/Core/Src/stm32f1xx_hal_msp.c.obj
 .debug_aranges
                0x00000fd0       0x28 CMakeFiles/STM32.dir/startup_stm32f103xb.s.obj
 .debug_aranges
                0x00000ff8      0x118 CMakeFiles/STM32.dir/Core/Src/ssd1306.c.obj
 .debug_aranges
                0x00001110       0x18 CMakeFiles/STM32.dir/Core/Src/ssd1306_fonts.c.obj

.debug_rnglists
                0x00000000      0xd8a
 .debug_rnglists
                0x00000000       0x1a cmake/stm32cubemx/CMakeFiles/STM32_Drivers.dir/__/__/Core/Src/system_stm32f1xx.c.obj
 .debug_rnglists
                0x0000001a       0xbc cmake/stm32cubemx/CMakeFiles/STM32_Drivers.dir/__/__/Drivers/STM32F1xx_HAL_Driver/Src/stm32f1xx_hal_adc.c.obj
 .debug_rnglists
                0x000000d6       0xa3 cmake/stm32cubemx/CMakeFiles/STM32_Drivers.dir/__/__/Drivers/STM32F1xx_HAL_Driver/Src/stm32f1xx_hal.c.obj
 .debug_rnglists
                0x00000179       0x6c cmake/stm32cubemx/CMakeFiles/STM32_Drivers.dir/__/__/Drivers/STM32F1xx_HAL_Driver/Src/stm32f1xx_hal_rcc.c.obj
 .debug_rnglists
                0x000001e5       0x21 cmake/stm32cubemx/CMakeFiles/STM32_Drivers.dir/__/__/Drivers/STM32F1xx_HAL_Driver/Src/stm32f1xx_hal_rcc_ex.c.obj
 .debug_rnglists
                0x00000206       0x3f cmake/stm32cubemx/CMakeFiles/STM32_Drivers.dir/__/__/Drivers/STM32F1xx_HAL_Driver/Src/stm32f1xx_hal_gpio.c.obj
 .debug_rnglists
                0x00000245       0x64 cmake/stm32cubemx/CMakeFiles/STM32_Drivers.dir/__/__/Drivers/STM32F1xx_HAL_Driver/Src/stm32f1xx_hal_dma.c.obj
 .debug_rnglists
                0x000002a9       0xbb cmake/stm32cubemx/CMakeFiles/STM32_Drivers.dir/__/__/Drivers/STM32F1xx_HAL_Driver/Src/stm32f1xx_hal_cortex.c.obj
 .debug_rnglists
                0x00000364      0x23c cmake/stm32cubemx/CMakeFiles/STM32_Drivers.dir/__/__/Drivers/STM32F1xx_HAL_Driver/Src/stm32f1xx_hal_i2c.c.obj
 .debug_rnglists
                0x000005a0      0x31a cmake/stm32cubemx/CMakeFiles/STM32_Drivers.dir/__/__/Drivers/STM32F1xx_HAL_Driver/Src/stm32f1xx_hal_tim.c.obj
 .debug_rnglists
                0x000008ba      0x125 cmake/stm32cubemx/CMakeFiles/STM32_Drivers.dir/__/__/Drivers/STM32F1xx_HAL_Driver/Src/stm32f1xx_hal_tim_ex.c.obj
 .debug_rnglists
                0x000009df      0x1bc cmake/stm32cubemx/CMakeFiles/STM32_Drivers.dir/__/__/Drivers/STM32F1xx_HAL_Driver/Src/stm32f1xx_hal_uart.c.obj
 .debug_rnglists
                0x00000b9b       0x5d CMakeFiles/STM32.dir/Core/Src/main.c.obj
 .debug_rnglists
                0x00000bf8       0x55 CMakeFiles/STM32.dir/Core/Src/stm32f1xx_it.c.obj
 .debug_rnglists
                0x00000c4d       0x4b CMakeFiles/STM32.dir/Core/Src/stm32f1xx_hal_msp.c.obj
 .debug_rnglists
                0x00000c98       0x19 CMakeFiles/STM32.dir/startup_stm32f103xb.s.obj
 .debug_rnglists
                0x00000cb1       0xd9 CMakeFiles/STM32.dir/Core/Src/ssd1306.c.obj

.debug_macro    0x00000000    0x18e0c
 .debug_macro   0x00000000      0x1c1 cmake/stm32cubemx/CMakeFiles/STM32_Drivers.dir/__/__/Core/Src/system_stm32f1xx.c.obj
 .debug_macro   0x000001c1      0xacc cmake/stm32cubemx/CMakeFiles/STM32_Drivers.dir/__/__/Core/Src/system_stm32f1xx.c.obj
 .debug_macro   0x00000c8d       0x2e cmake/stm32cubemx/CMakeFiles/STM32_Drivers.dir/__/__/Core/Src/system_stm32f1xx.c.obj
 .debug_macro   0x00000cbb       0x22 cmake/stm32cubemx/CMakeFiles/STM32_Drivers.dir/__/__/Core/Src/system_stm32f1xx.c.obj
 .debug_macro   0x00000cdd       0x22 cmake/stm32cubemx/CMakeFiles/STM32_Drivers.dir/__/__/Core/Src/system_stm32f1xx.c.obj
 .debug_macro   0x00000cff       0x8e cmake/stm32cubemx/CMakeFiles/STM32_Drivers.dir/__/__/Core/Src/system_stm32f1xx.c.obj
 .debug_macro   0x00000d8d       0x51 cmake/stm32cubemx/CMakeFiles/STM32_Drivers.dir/__/__/Core/Src/system_stm32f1xx.c.obj
 .debug_macro   0x00000dde      0x103 cmake/stm32cubemx/CMakeFiles/STM32_Drivers.dir/__/__/Core/Src/system_stm32f1xx.c.obj
 .debug_macro   0x00000ee1       0x6a cmake/stm32cubemx/CMakeFiles/STM32_Drivers.dir/__/__/Core/Src/system_stm32f1xx.c.obj
 .debug_macro   0x00000f4b      0x1df cmake/stm32cubemx/CMakeFiles/STM32_Drivers.dir/__/__/Core/Src/system_stm32f1xx.c.obj
 .debug_macro   0x0000112a       0x1c cmake/stm32cubemx/CMakeFiles/STM32_Drivers.dir/__/__/Core/Src/system_stm32f1xx.c.obj
 .debug_macro   0x00001146       0x22 cmake/stm32cubemx/CMakeFiles/STM32_Drivers.dir/__/__/Core/Src/system_stm32f1xx.c.obj
 .debug_macro   0x00001168       0xbd cmake/stm32cubemx/CMakeFiles/STM32_Drivers.dir/__/__/Core/Src/system_stm32f1xx.c.obj
 .debug_macro   0x00001225      0xd23 cmake/stm32cubemx/CMakeFiles/STM32_Drivers.dir/__/__/Core/Src/system_stm32f1xx.c.obj
 .debug_macro   0x00001f48     0xe09e cmake/stm32cubemx/CMakeFiles/STM32_Drivers.dir/__/__/Core/Src/system_stm32f1xx.c.obj
 .debug_macro   0x0000ffe6       0x6d cmake/stm32cubemx/CMakeFiles/STM32_Drivers.dir/__/__/Core/Src/system_stm32f1xx.c.obj
 .debug_macro   0x00010053      0x227 cmake/stm32cubemx/CMakeFiles/STM32_Drivers.dir/__/__/Core/Src/system_stm32f1xx.c.obj
 .debug_macro   0x0001027a     0x34a2 cmake/stm32cubemx/CMakeFiles/STM32_Drivers.dir/__/__/Core/Src/system_stm32f1xx.c.obj
 .debug_macro   0x0001371c      0x190 cmake/stm32cubemx/CMakeFiles/STM32_Drivers.dir/__/__/Core/Src/system_stm32f1xx.c.obj
 .debug_macro   0x000138ac       0x5c cmake/stm32cubemx/CMakeFiles/STM32_Drivers.dir/__/__/Core/Src/system_stm32f1xx.c.obj
 .debug_macro   0x00013908      0x5bc cmake/stm32cubemx/CMakeFiles/STM32_Drivers.dir/__/__/Core/Src/system_stm32f1xx.c.obj
 .debug_macro   0x00013ec4      0x289 cmake/stm32cubemx/CMakeFiles/STM32_Drivers.dir/__/__/Core/Src/system_stm32f1xx.c.obj
 .debug_macro   0x0001414d      0x1cb cmake/stm32cubemx/CMakeFiles/STM32_Drivers.dir/__/__/Core/Src/system_stm32f1xx.c.obj
 .debug_macro   0x00014318      0x114 cmake/stm32cubemx/CMakeFiles/STM32_Drivers.dir/__/__/Core/Src/system_stm32f1xx.c.obj
 .debug_macro   0x0001442c      0x1b2 cmake/stm32cubemx/CMakeFiles/STM32_Drivers.dir/__/__/Core/Src/system_stm32f1xx.c.obj
 .debug_macro   0x000145de       0x27 cmake/stm32cubemx/CMakeFiles/STM32_Drivers.dir/__/__/Core/Src/system_stm32f1xx.c.obj
 .debug_macro   0x00014605      0x136 cmake/stm32cubemx/CMakeFiles/STM32_Drivers.dir/__/__/Core/Src/system_stm32f1xx.c.obj
 .debug_macro   0x0001473b      0x1bc cmake/stm32cubemx/CMakeFiles/STM32_Drivers.dir/__/__/Core/Src/system_stm32f1xx.c.obj
 .debug_macro   0x000148f7       0x34 cmake/stm32cubemx/CMakeFiles/STM32_Drivers.dir/__/__/Core/Src/system_stm32f1xx.c.obj
 .debug_macro   0x0001492b       0x3c cmake/stm32cubemx/CMakeFiles/STM32_Drivers.dir/__/__/Core/Src/system_stm32f1xx.c.obj
 .debug_macro   0x00014967       0x57 cmake/stm32cubemx/CMakeFiles/STM32_Drivers.dir/__/__/Core/Src/system_stm32f1xx.c.obj
 .debug_macro   0x000149be      0x46a cmake/stm32cubemx/CMakeFiles/STM32_Drivers.dir/__/__/Core/Src/system_stm32f1xx.c.obj
 .debug_macro   0x00014e28      0x1b5 cmake/stm32cubemx/CMakeFiles/STM32_Drivers.dir/__/__/Core/Src/system_stm32f1xx.c.obj
 .debug_macro   0x00014fdd       0x87 cmake/stm32cubemx/CMakeFiles/STM32_Drivers.dir/__/__/Core/Src/system_stm32f1xx.c.obj
 .debug_macro   0x00015064      0x240 cmake/stm32cubemx/CMakeFiles/STM32_Drivers.dir/__/__/Core/Src/system_stm32f1xx.c.obj
 .debug_macro   0x000152a4      0x287 cmake/stm32cubemx/CMakeFiles/STM32_Drivers.dir/__/__/Core/Src/system_stm32f1xx.c.obj
 .debug_macro   0x0001552b      0x140 cmake/stm32cubemx/CMakeFiles/STM32_Drivers.dir/__/__/Core/Src/system_stm32f1xx.c.obj
 .debug_macro   0x0001566b      0x8ed cmake/stm32cubemx/CMakeFiles/STM32_Drivers.dir/__/__/Core/Src/system_stm32f1xx.c.obj
 .debug_macro   0x00015f58      0x28e cmake/stm32cubemx/CMakeFiles/STM32_Drivers.dir/__/__/Core/Src/system_stm32f1xx.c.obj
 .debug_macro   0x000161e6       0x83 cmake/stm32cubemx/CMakeFiles/STM32_Drivers.dir/__/__/Core/Src/system_stm32f1xx.c.obj
 .debug_macro   0x00016269      0x1de cmake/stm32cubemx/CMakeFiles/STM32_Drivers.dir/__/__/Drivers/STM32F1xx_HAL_Driver/Src/stm32f1xx_hal_adc.c.obj
 .debug_macro   0x00016447      0x1e5 cmake/stm32cubemx/CMakeFiles/STM32_Drivers.dir/__/__/Drivers/STM32F1xx_HAL_Driver/Src/stm32f1xx_hal.c.obj
 .debug_macro   0x0001662c      0x1d3 cmake/stm32cubemx/CMakeFiles/STM32_Drivers.dir/__/__/Drivers/STM32F1xx_HAL_Driver/Src/stm32f1xx_hal_rcc.c.obj
 .debug_macro   0x000167ff      0x1c1 cmake/stm32cubemx/CMakeFiles/STM32_Drivers.dir/__/__/Drivers/STM32F1xx_HAL_Driver/Src/stm32f1xx_hal_rcc_ex.c.obj
 .debug_macro   0x000169c0      0x22c cmake/stm32cubemx/CMakeFiles/STM32_Drivers.dir/__/__/Drivers/STM32F1xx_HAL_Driver/Src/stm32f1xx_hal_gpio.c.obj
 .debug_macro   0x00016bec      0x1c1 cmake/stm32cubemx/CMakeFiles/STM32_Drivers.dir/__/__/Drivers/STM32F1xx_HAL_Driver/Src/stm32f1xx_hal_dma.c.obj
 .debug_macro   0x00016dad      0x1c1 cmake/stm32cubemx/CMakeFiles/STM32_Drivers.dir/__/__/Drivers/STM32F1xx_HAL_Driver/Src/stm32f1xx_hal_cortex.c.obj
 .debug_macro   0x00016f6e      0x20f cmake/stm32cubemx/CMakeFiles/STM32_Drivers.dir/__/__/Drivers/STM32F1xx_HAL_Driver/Src/stm32f1xx_hal_i2c.c.obj
 .debug_macro   0x0001717d      0x1c2 cmake/stm32cubemx/CMakeFiles/STM32_Drivers.dir/__/__/Drivers/STM32F1xx_HAL_Driver/Src/stm32f1xx_hal_tim.c.obj
 .debug_macro   0x0001733f      0x1c1 cmake/stm32cubemx/CMakeFiles/STM32_Drivers.dir/__/__/Drivers/STM32F1xx_HAL_Driver/Src/stm32f1xx_hal_tim_ex.c.obj
 .debug_macro   0x00017500      0x1c2 cmake/stm32cubemx/CMakeFiles/STM32_Drivers.dir/__/__/Drivers/STM32F1xx_HAL_Driver/Src/stm32f1xx_hal_uart.c.obj
 .debug_macro   0x000176c2      0x300 CMakeFiles/STM32.dir/Core/Src/main.c.obj
 .debug_macro   0x000179c2       0x52 CMakeFiles/STM32.dir/Core/Src/main.c.obj
 .debug_macro   0x00017a14       0x40 CMakeFiles/STM32.dir/Core/Src/main.c.obj
 .debug_macro   0x00017a54       0x7b CMakeFiles/STM32.dir/Core/Src/main.c.obj
 .debug_macro   0x00017acf       0x24 CMakeFiles/STM32.dir/Core/Src/main.c.obj
 .debug_macro   0x00017af3       0x3c CMakeFiles/STM32.dir/Core/Src/main.c.obj
 .debug_macro   0x00017b2f       0x34 CMakeFiles/STM32.dir/Core/Src/main.c.obj
 .debug_macro   0x00017b63      0x364 CMakeFiles/STM32.dir/Core/Src/main.c.obj
 .debug_macro   0x00017ec7       0x16 CMakeFiles/STM32.dir/Core/Src/main.c.obj
 .debug_macro   0x00017edd       0x4a CMakeFiles/STM32.dir/Core/Src/main.c.obj
 .debug_macro   0x00017f27       0x34 CMakeFiles/STM32.dir/Core/Src/main.c.obj
 .debug_macro   0x00017f5b       0x10 CMakeFiles/STM32.dir/Core/Src/main.c.obj
 .debug_macro   0x00017f6b       0x58 CMakeFiles/STM32.dir/Core/Src/main.c.obj
 .debug_macro   0x00017fc3      0x1e5 CMakeFiles/STM32.dir/Core/Src/main.c.obj
 .debug_macro   0x000181a8       0x10 CMakeFiles/STM32.dir/Core/Src/main.c.obj
 .debug_macro   0x000181b8       0x3c CMakeFiles/STM32.dir/Core/Src/main.c.obj
 .debug_macro   0x000181f4       0x1c CMakeFiles/STM32.dir/Core/Src/main.c.obj
 .debug_macro   0x00018210       0x10 CMakeFiles/STM32.dir/Core/Src/main.c.obj
 .debug_macro   0x00018220       0x1c CMakeFiles/STM32.dir/Core/Src/main.c.obj
 .debug_macro   0x0001823c       0x16 CMakeFiles/STM32.dir/Core/Src/main.c.obj
 .debug_macro   0x00018252      0x170 CMakeFiles/STM32.dir/Core/Src/main.c.obj
 .debug_macro   0x000183c2      0x19b CMakeFiles/STM32.dir/Core/Src/main.c.obj
 .debug_macro   0x0001855d      0x1d5 CMakeFiles/STM32.dir/Core/Src/stm32f1xx_it.c.obj
 .debug_macro   0x00018732      0x1cb CMakeFiles/STM32.dir/Core/Src/stm32f1xx_hal_msp.c.obj
 .debug_macro   0x000188fd      0x2ea CMakeFiles/STM32.dir/Core/Src/ssd1306.c.obj
 .debug_macro   0x00018be7       0x28 CMakeFiles/STM32.dir/Core/Src/ssd1306.c.obj
 .debug_macro   0x00018c0f       0x16 CMakeFiles/STM32.dir/Core/Src/ssd1306.c.obj
 .debug_macro   0x00018c25      0x1e7 CMakeFiles/STM32.dir/Core/Src/ssd1306_fonts.c.obj

.debug_line     0x00000000    0x12c33
 .debug_line    0x00000000      0x650 cmake/stm32cubemx/CMakeFiles/STM32_Drivers.dir/__/__/Core/Src/system_stm32f1xx.c.obj
 .debug_line    0x00000650      0xea6 cmake/stm32cubemx/CMakeFiles/STM32_Drivers.dir/__/__/Drivers/STM32F1xx_HAL_Driver/Src/stm32f1xx_hal_adc.c.obj
 .debug_line    0x000014f6      0x881 cmake/stm32cubemx/CMakeFiles/STM32_Drivers.dir/__/__/Drivers/STM32F1xx_HAL_Driver/Src/stm32f1xx_hal.c.obj
 .debug_line    0x00001d77      0xd3a cmake/stm32cubemx/CMakeFiles/STM32_Drivers.dir/__/__/Drivers/STM32F1xx_HAL_Driver/Src/stm32f1xx_hal_rcc.c.obj
 .debug_line    0x00002ab1      0x7eb cmake/stm32cubemx/CMakeFiles/STM32_Drivers.dir/__/__/Drivers/STM32F1xx_HAL_Driver/Src/stm32f1xx_hal_rcc_ex.c.obj
 .debug_line    0x0000329c      0x8de cmake/stm32cubemx/CMakeFiles/STM32_Drivers.dir/__/__/Drivers/STM32F1xx_HAL_Driver/Src/stm32f1xx_hal_gpio.c.obj
 .debug_line    0x00003b7a      0xc8b cmake/stm32cubemx/CMakeFiles/STM32_Drivers.dir/__/__/Drivers/STM32F1xx_HAL_Driver/Src/stm32f1xx_hal_dma.c.obj
 .debug_line    0x00004805      0xa4b cmake/stm32cubemx/CMakeFiles/STM32_Drivers.dir/__/__/Drivers/STM32F1xx_HAL_Driver/Src/stm32f1xx_hal_cortex.c.obj
 .debug_line    0x00005250     0x3a7e cmake/stm32cubemx/CMakeFiles/STM32_Drivers.dir/__/__/Drivers/STM32F1xx_HAL_Driver/Src/stm32f1xx_hal_i2c.c.obj
 .debug_line    0x00008cce     0x336f cmake/stm32cubemx/CMakeFiles/STM32_Drivers.dir/__/__/Drivers/STM32F1xx_HAL_Driver/Src/stm32f1xx_hal_tim.c.obj
 .debug_line    0x0000c03d     0x1745 cmake/stm32cubemx/CMakeFiles/STM32_Drivers.dir/__/__/Drivers/STM32F1xx_HAL_Driver/Src/stm32f1xx_hal_tim_ex.c.obj
 .debug_line    0x0000d782     0x239d cmake/stm32cubemx/CMakeFiles/STM32_Drivers.dir/__/__/Drivers/STM32F1xx_HAL_Driver/Src/stm32f1xx_hal_uart.c.obj
 .debug_line    0x0000fb1f      0xc35 CMakeFiles/STM32.dir/Core/Src/main.c.obj
 .debug_line    0x00010754      0x6c9 CMakeFiles/STM32.dir/Core/Src/stm32f1xx_it.c.obj
 .debug_line    0x00010e1d      0x74c CMakeFiles/STM32.dir/Core/Src/stm32f1xx_hal_msp.c.obj
 .debug_line    0x00011569       0x78 CMakeFiles/STM32.dir/startup_stm32f103xb.s.obj
 .debug_line    0x000115e1     0x1075 CMakeFiles/STM32.dir/Core/Src/ssd1306.c.obj
 .debug_line    0x00012656      0x5dd CMakeFiles/STM32.dir/Core/Src/ssd1306_fonts.c.obj

.debug_str      0x00000000    0x9247d
 .debug_str     0x00000000    0x9247d cmake/stm32cubemx/CMakeFiles/STM32_Drivers.dir/__/__/Core/Src/system_stm32f1xx.c.obj
                              0x89a63 (size before relaxing)
 .debug_str     0x0009247d    0x8a147 cmake/stm32cubemx/CMakeFiles/STM32_Drivers.dir/__/__/Drivers/STM32F1xx_HAL_Driver/Src/stm32f1xx_hal_adc.c.obj
 .debug_str     0x0009247d    0x8a196 cmake/stm32cubemx/CMakeFiles/STM32_Drivers.dir/__/__/Drivers/STM32F1xx_HAL_Driver/Src/stm32f1xx_hal.c.obj
 .debug_str     0x0009247d    0x89e92 cmake/stm32cubemx/CMakeFiles/STM32_Drivers.dir/__/__/Drivers/STM32F1xx_HAL_Driver/Src/stm32f1xx_hal_rcc.c.obj
 .debug_str     0x0009247d    0x89be2 cmake/stm32cubemx/CMakeFiles/STM32_Drivers.dir/__/__/Drivers/STM32F1xx_HAL_Driver/Src/stm32f1xx_hal_rcc_ex.c.obj
 .debug_str     0x0009247d    0x89de9 cmake/stm32cubemx/CMakeFiles/STM32_Drivers.dir/__/__/Drivers/STM32F1xx_HAL_Driver/Src/stm32f1xx_hal_gpio.c.obj
 .debug_str     0x0009247d    0x89e0c cmake/stm32cubemx/CMakeFiles/STM32_Drivers.dir/__/__/Drivers/STM32F1xx_HAL_Driver/Src/stm32f1xx_hal_dma.c.obj
 .debug_str     0x0009247d    0x8a0e2 cmake/stm32cubemx/CMakeFiles/STM32_Drivers.dir/__/__/Drivers/STM32F1xx_HAL_Driver/Src/stm32f1xx_hal_cortex.c.obj
 .debug_str     0x0009247d    0x8ab2a cmake/stm32cubemx/CMakeFiles/STM32_Drivers.dir/__/__/Drivers/STM32F1xx_HAL_Driver/Src/stm32f1xx_hal_i2c.c.obj
 .debug_str     0x0009247d    0x8ae94 cmake/stm32cubemx/CMakeFiles/STM32_Drivers.dir/__/__/Drivers/STM32F1xx_HAL_Driver/Src/stm32f1xx_hal_tim.c.obj
 .debug_str     0x0009247d    0x8a6a0 cmake/stm32cubemx/CMakeFiles/STM32_Drivers.dir/__/__/Drivers/STM32F1xx_HAL_Driver/Src/stm32f1xx_hal_tim_ex.c.obj
 .debug_str     0x0009247d    0x8a503 cmake/stm32cubemx/CMakeFiles/STM32_Drivers.dir/__/__/Drivers/STM32F1xx_HAL_Driver/Src/stm32f1xx_hal_uart.c.obj
 .debug_str     0x0009247d    0x8ec0f CMakeFiles/STM32.dir/Core/Src/main.c.obj
 .debug_str     0x0009247d    0x8a1bc CMakeFiles/STM32.dir/Core/Src/stm32f1xx_it.c.obj
 .debug_str     0x0009247d    0x8a8f0 CMakeFiles/STM32.dir/Core/Src/stm32f1xx_hal_msp.c.obj
 .debug_str     0x0009247d       0x62 CMakeFiles/STM32.dir/startup_stm32f103xb.s.obj
 .debug_str     0x0009247d    0x8d5e3 CMakeFiles/STM32.dir/Core/Src/ssd1306.c.obj
 .debug_str     0x0009247d    0x89cbe CMakeFiles/STM32.dir/Core/Src/ssd1306_fonts.c.obj

.debug_frame    0x00000000     0x4e0c
 .debug_frame   0x00000000       0x58 cmake/stm32cubemx/CMakeFiles/STM32_Drivers.dir/__/__/Core/Src/system_stm32f1xx.c.obj
 .debug_frame   0x00000058      0x40c cmake/stm32cubemx/CMakeFiles/STM32_Drivers.dir/__/__/Drivers/STM32F1xx_HAL_Driver/Src/stm32f1xx_hal_adc.c.obj
 .debug_frame   0x00000464      0x334 cmake/stm32cubemx/CMakeFiles/STM32_Drivers.dir/__/__/Drivers/STM32F1xx_HAL_Driver/Src/stm32f1xx_hal.c.obj
 .debug_frame   0x00000798      0x218 cmake/stm32cubemx/CMakeFiles/STM32_Drivers.dir/__/__/Drivers/STM32F1xx_HAL_Driver/Src/stm32f1xx_hal_rcc.c.obj
 .debug_frame   0x000009b0       0x80 cmake/stm32cubemx/CMakeFiles/STM32_Drivers.dir/__/__/Drivers/STM32F1xx_HAL_Driver/Src/stm32f1xx_hal_rcc_ex.c.obj
 .debug_frame   0x00000a30      0x14c cmake/stm32cubemx/CMakeFiles/STM32_Drivers.dir/__/__/Drivers/STM32F1xx_HAL_Driver/Src/stm32f1xx_hal_gpio.c.obj
 .debug_frame   0x00000b7c      0x208 cmake/stm32cubemx/CMakeFiles/STM32_Drivers.dir/__/__/Drivers/STM32F1xx_HAL_Driver/Src/stm32f1xx_hal_dma.c.obj
 .debug_frame   0x00000d84      0x428 cmake/stm32cubemx/CMakeFiles/STM32_Drivers.dir/__/__/Drivers/STM32F1xx_HAL_Driver/Src/stm32f1xx_hal_cortex.c.obj
 .debug_frame   0x000011ac      0xc84 cmake/stm32cubemx/CMakeFiles/STM32_Drivers.dir/__/__/Drivers/STM32F1xx_HAL_Driver/Src/stm32f1xx_hal_i2c.c.obj
 .debug_frame   0x00001e30     0x11b8 cmake/stm32cubemx/CMakeFiles/STM32_Drivers.dir/__/__/Drivers/STM32F1xx_HAL_Driver/Src/stm32f1xx_hal_tim.c.obj
 .debug_frame   0x00002fe8      0x638 cmake/stm32cubemx/CMakeFiles/STM32_Drivers.dir/__/__/Drivers/STM32F1xx_HAL_Driver/Src/stm32f1xx_hal_tim_ex.c.obj
 .debug_frame   0x00003620      0x944 cmake/stm32cubemx/CMakeFiles/STM32_Drivers.dir/__/__/Drivers/STM32F1xx_HAL_Driver/Src/stm32f1xx_hal_uart.c.obj
 .debug_frame   0x00003f64      0x1a8 CMakeFiles/STM32.dir/Core/Src/main.c.obj
 .debug_frame   0x0000410c      0x158 CMakeFiles/STM32.dir/Core/Src/stm32f1xx_it.c.obj
 .debug_frame   0x00004264      0x17c CMakeFiles/STM32.dir/Core/Src/stm32f1xx_hal_msp.c.obj
 .debug_frame   0x000043e0      0x4b0 CMakeFiles/STM32.dir/Core/Src/ssd1306.c.obj
 .debug_frame   0x00004890       0x2c C:/Program Files (x86)/Arm GNU Toolchain arm-none-eabi/14.2 rel1/bin/../lib/gcc/arm-none-eabi/14.2.1/thumb/v7-m/nofp\libm.a(libm_a-wf_pow.o)
 .debug_frame   0x000048bc       0x20 C:/Program Files (x86)/Arm GNU Toolchain arm-none-eabi/14.2 rel1/bin/../lib/gcc/arm-none-eabi/14.2.1/thumb/v7-m/nofp\libm.a(libm_a-sf_finite.o)
 .debug_frame   0x000048dc       0x7c C:/Program Files (x86)/Arm GNU Toolchain arm-none-eabi/14.2 rel1/bin/../lib/gcc/arm-none-eabi/14.2.1/thumb/v7-m/nofp\libm.a(libm_a-ef_pow.o)
 .debug_frame   0x00004958       0x20 C:/Program Files (x86)/Arm GNU Toolchain arm-none-eabi/14.2 rel1/bin/../lib/gcc/arm-none-eabi/14.2.1/thumb/v7-m/nofp\libm.a(libm_a-sf_fabs.o)
 .debug_frame   0x00004978       0x28 C:/Program Files (x86)/Arm GNU Toolchain arm-none-eabi/14.2 rel1/bin/../lib/gcc/arm-none-eabi/14.2.1/thumb/v7-m/nofp\libm.a(libm_a-sf_scalbn.o)
 .debug_frame   0x000049a0       0xb0 C:/Program Files (x86)/Arm GNU Toolchain arm-none-eabi/14.2 rel1/bin/../lib/gcc/arm-none-eabi/14.2.1/thumb/v7-m/nofp\libm.a(libm_a-math_errf.o)
 .debug_frame   0x00004a50       0x30 C:/Program Files (x86)/Arm GNU Toolchain arm-none-eabi/14.2 rel1/bin/../lib/gcc/arm-none-eabi/14.2.1/thumb/v7-m/nofp\libm.a(libm_a-ef_sqrt.o)
 .debug_frame   0x00004a80       0x4c C:/Program Files (x86)/Arm GNU Toolchain arm-none-eabi/14.2 rel1/bin/../lib/gcc/arm-none-eabi/14.2.1/thumb/v7-m/nofp\libgcc.a(_arm_addsubsf3.o)
 .debug_frame   0x00004acc       0x38 C:/Program Files (x86)/Arm GNU Toolchain arm-none-eabi/14.2 rel1/bin/../lib/gcc/arm-none-eabi/14.2.1/thumb/v7-m/nofp\libgcc.a(_arm_muldivsf3.o)
 .debug_frame   0x00004b04       0xc8 C:/Program Files (x86)/Arm GNU Toolchain arm-none-eabi/14.2 rel1/bin/../lib/gcc/arm-none-eabi/14.2.1/thumb/v7-m/nofp\libgcc.a(_arm_cmpsf2.o)
 .debug_frame   0x00004bcc       0x24 C:/Program Files (x86)/Arm GNU Toolchain arm-none-eabi/14.2 rel1/bin/../lib/gcc/arm-none-eabi/14.2.1/thumb/v7-m/nofp\libgcc.a(_arm_unordsf2.o)
 .debug_frame   0x00004bf0       0x24 C:/Program Files (x86)/Arm GNU Toolchain arm-none-eabi/14.2 rel1/bin/../lib/gcc/arm-none-eabi/14.2.1/thumb/v7-m/nofp\libgcc.a(_arm_fixunssfsi.o)
 .debug_frame   0x00004c14      0x144 C:/Program Files (x86)/Arm GNU Toolchain arm-none-eabi/14.2 rel1/bin/../lib/gcc/arm-none-eabi/14.2.1/thumb/v7-m/nofp\libg_nano.a(libc_a-findfp.o)
 .debug_frame   0x00004d58       0x20 C:/Program Files (x86)/Arm GNU Toolchain arm-none-eabi/14.2 rel1/bin/../lib/gcc/arm-none-eabi/14.2.1/thumb/v7-m/nofp\libg_nano.a(libc_a-memset.o)
 .debug_frame   0x00004d78       0x20 C:/Program Files (x86)/Arm GNU Toolchain arm-none-eabi/14.2 rel1/bin/../lib/gcc/arm-none-eabi/14.2.1/thumb/v7-m/nofp\libg_nano.a(libc_a-errno.o)
 .debug_frame   0x00004d98       0x2c C:/Program Files (x86)/Arm GNU Toolchain arm-none-eabi/14.2 rel1/bin/../lib/gcc/arm-none-eabi/14.2.1/thumb/v7-m/nofp\libg_nano.a(libc_a-init.o)
 .debug_frame   0x00004dc4       0x28 C:/Program Files (x86)/Arm GNU Toolchain arm-none-eabi/14.2 rel1/bin/../lib/gcc/arm-none-eabi/14.2.1/thumb/v7-m/nofp\libg_nano.a(libc_a-memcpy-stub.o)
 .debug_frame   0x00004dec       0x20 C:/Program Files (x86)/Arm GNU Toolchain arm-none-eabi/14.2 rel1/bin/../lib/gcc/arm-none-eabi/14.2.1/thumb/v7-m/nofp\libg_nano.a(libc_a-strlen.o)

.debug_line_str
                0x00000000      0x1f7
 .debug_line_str
                0x00000000      0x1f7 CMakeFiles/STM32.dir/startup_stm32f103xb.s.obj
                                 0x46 (size before relaxing)
 .debug_line_str
                0x000001f7       0xca C:/Program Files (x86)/Arm GNU Toolchain arm-none-eabi/14.2 rel1/bin/../lib/gcc/arm-none-eabi/14.2.1/thumb/v7-m/nofp\libgcc.a(_arm_addsubsf3.o)
 .debug_line_str
                0x000001f7       0xca C:/Program Files (x86)/Arm GNU Toolchain arm-none-eabi/14.2 rel1/bin/../lib/gcc/arm-none-eabi/14.2.1/thumb/v7-m/nofp\libgcc.a(_arm_muldivsf3.o)
 .debug_line_str
                0x000001f7       0xca C:/Program Files (x86)/Arm GNU Toolchain arm-none-eabi/14.2 rel1/bin/../lib/gcc/arm-none-eabi/14.2.1/thumb/v7-m/nofp\libgcc.a(_arm_cmpsf2.o)
 .debug_line_str
                0x000001f7       0xca C:/Program Files (x86)/Arm GNU Toolchain arm-none-eabi/14.2 rel1/bin/../lib/gcc/arm-none-eabi/14.2.1/thumb/v7-m/nofp\libgcc.a(_arm_unordsf2.o)
 .debug_line_str
                0x000001f7       0xca C:/Program Files (x86)/Arm GNU Toolchain arm-none-eabi/14.2 rel1/bin/../lib/gcc/arm-none-eabi/14.2.1/thumb/v7-m/nofp\libgcc.a(_arm_fixunssfsi.o)
 .debug_line_str
                0x000001f7       0xe7 C:/Program Files (x86)/Arm GNU Toolchain arm-none-eabi/14.2 rel1/bin/../lib/gcc/arm-none-eabi/14.2.1/thumb/v7-m/nofp\libg_nano.a(libc_a-strlen.o)